Vivado Simulator 2020.2
Copyright 1986-1999, 2001-2020 Xilinx, Inc. All Rights Reserved.
Running: E:/1.tools/Xilinx/Vivado/2020.2/bin/unwrapped/win64.o/xelab.exe -wto b78e37b82fe841a2bcf87e09aa7041df --incr --debug typical --relax --mt 2 -L xil_defaultlib -L xbip_utils_v3_0_10 -L axi_utils_v2_0_6 -L fir_compiler_v7_2_15 -L blk_mem_gen_v8_4_4 -L fifo_generator_v13_2_5 -L unisims_ver -L unimacro_ver -L secureip -L xpm --snapshot tb_top_smoke_behav xil_defaultlib.tb_top_smoke xil_defaultlib.glbl -log elaborate.log 
Using 2 slave threads.
Starting static elaboration
Pass Through NonSizing Optimizer
Completed static elaboration
Starting simulation data flow analysis
Completed simulation data flow analysis
Time Resolution for simulation is 1fs
Compiling package std.standard
Compiling package std.textio
Compiling package ieee.std_logic_1164
Compiling package ieee.numeric_std
Compiling package xbip_utils_v3_0_10.xbip_utils_v3_0_10_pkg
Compiling package fir_compiler_v7_2_15.fir_compiler_v7_2_15_viv_comp
Compiling package ieee.std_logic_textio
Compiling package fir_compiler_v7_2_15.globals_pkg
Compiling package fir_compiler_v7_2_15.components
Compiling package ieee.math_real
Compiling package axi_utils_v2_0_6.global_util_pkg
Compiling package axi_utils_v2_0_6.axi_utils_comps
Compiling package unisim.vcomponents
Compiling package ieee.std_logic_arith
Compiling package ieee.std_logic_signed
Compiling package ieee.vital_timing
Compiling package ieee.vital_primitives
Compiling package unisim.vpkg
Compiling module unisims_ver.MMCME2_ADV(CLKIN1_PERIOD=5.0,CLK...
Compiling module unisims_ver.BUFG
Compiling module xil_defaultlib.sys_clk_200M_clk_wiz
Compiling module xil_defaultlib.sys_clk_200M
Compiling module unisims_ver.IBUFDS
Compiling module unisims_ver.MMCME2_ADV(CLKIN1_PERIOD=5.0,CLK...
Compiling module xil_defaultlib.system_clk_module_clk_wiz
Compiling module xil_defaultlib.system_clk_module
Compiling module xil_defaultlib.eth_reset
Compiling module unisims_ver.IBUF
Compiling module unisims_ver.IDELAYCTRL_default
Compiling module unisims_ver.IDELAYE2_default
Compiling module unisims_ver.IDDR(DDR_CLK_EDGE="SAME_EDGE_PIP...
Compiling module xil_defaultlib.rgmii_rx_default
Compiling module unisims_ver.MMCME2_ADV(CLKFBOUT_MULT_F=8.0,C...
Compiling module unisims_ver.MMCME2_BASE(CLKFBOUT_MULT_F=8.0,...
Compiling module unisims_ver.ODDR(DDR_CLK_EDGE="SAME_EDGE")
Compiling module xil_defaultlib.rgmii_tx_default
Compiling module xil_defaultlib.gmii_to_rgmii
Compiling module xil_defaultlib.udp_rx(BOARD_MAC=48'b01001000110...
Compiling module xil_defaultlib.udp_tx(BOARD_MAC=48'b01001000110...
Compiling module xil_defaultlib.crc32_d8
Compiling module xil_defaultlib.udp(BOARD_IP=32'b110000001010100...
Compiling module xil_defaultlib.pulse_ctrl_default
Compiling module xil_defaultlib.udp_rec_decode_default
Compiling module unisims_ver.OBUFDS(SLEW="FAST")
Compiling module unisims_ver.IOBUF
Compiling module xil_defaultlib.adc_drive_default
Compiling module unisims_ver.MMCME2_ADV(CLKIN1_PERIOD=3.571,C...
Compiling module xil_defaultlib.adc_dclk_in_clk_wiz
Compiling module xil_defaultlib.adc_dclk_in
Compiling module xpm.xpm_cdc_sync_rst_default
Compiling module unisims_ver.ISERDESE2(DATA_WIDTH=14,INTERFAC...
Compiling module unisims_ver.ISERDESE2(DATA_WIDTH=14,INTERFAC...
Compiling module xil_defaultlib.iserdes_2
Compiling module xil_defaultlib.iserdes
Compiling module xil_defaultlib.get_adc_data_default
Compiling module xil_defaultlib.adc_filter_adc14_to_s16
Compiling module xil_defaultlib.adc_filter_iir_biquad_q2_30(B0=3...
Compiling module xil_defaultlib.adc_filter_iir_biquad_q2_30(B1=3...
Compiling module xil_defaultlib.adc_filter_iir_hp4_10k_40m
Compiling architecture xilinx of entity axi_utils_v2_0_6.glb_srl_fifo [\glb_srl_fifo(width=16,has_ifx=t...]
Compiling architecture xilinx of entity axi_utils_v2_0_6.glb_ifx_slave [\glb_ifx_slave(width=16,has_ifx=...]
Compiling architecture synth of entity fir_compiler_v7_2_15.cntrl_delay [\cntrl_delay(c_delay_len=0,c_mem...]
Compiling architecture synth of entity fir_compiler_v7_2_15.sp_mem [\sp_mem(c_xdevicefamily="artix7"...]
Compiling architecture synth of entity fir_compiler_v7_2_15.sp_mem [\sp_mem(c_xdevicefamily="artix7"...]
Compiling architecture synth of entity fir_compiler_v7_2_15.filt_mem [\filt_mem(c_xdevicefamily="artix...]
Compiling architecture synth of entity fir_compiler_v7_2_15.sp_mem [\sp_mem(c_xdevicefamily="artix7"...]
Compiling architecture synth of entity fir_compiler_v7_2_15.sp_mem [\sp_mem(c_xdevicefamily="artix7"...]
Compiling architecture synth of entity fir_compiler_v7_2_15.filt_mem [\filt_mem(c_xdevicefamily="artix...]
Compiling architecture synth of entity fir_compiler_v7_2_15.sp_mem [\sp_mem(c_xdevicefamily="artix7"...]
Compiling architecture synth of entity fir_compiler_v7_2_15.sp_mem [\sp_mem(c_xdevicefamily="artix7"...]
Compiling architecture synth of entity fir_compiler_v7_2_15.filt_mem [\filt_mem(c_xdevicefamily="artix...]
Compiling architecture synth of entity fir_compiler_v7_2_15.sp_mem [\sp_mem(c_xdevicefamily="artix7"...]
Compiling architecture synth of entity fir_compiler_v7_2_15.sp_mem [\sp_mem(c_xdevicefamily="artix7"...]
Compiling architecture synth of entity fir_compiler_v7_2_15.filt_mem [\filt_mem(c_xdevicefamily="artix...]
Compiling architecture synth of entity fir_compiler_v7_2_15.sp_mem [\sp_mem(c_xdevicefamily="artix7"...]
Compiling architecture synth of entity fir_compiler_v7_2_15.sp_mem [\sp_mem(c_xdevicefamily="artix7"...]
Compiling architecture synth of entity fir_compiler_v7_2_15.filt_mem [\filt_mem(c_xdevicefamily="artix...]
Compiling architecture synth of entity fir_compiler_v7_2_15.sp_mem [\sp_mem(c_xdevicefamily="artix7"...]
Compiling architecture synth of entity fir_compiler_v7_2_15.sp_mem [\sp_mem(c_xdevicefamily="artix7"...]
Compiling architecture synth of entity fir_compiler_v7_2_15.filt_mem [\filt_mem(c_xdevicefamily="artix...]
Compiling architecture synth of entity fir_compiler_v7_2_15.sp_mem [\sp_mem(c_xdevicefamily="artix7"...]
Compiling architecture synth of entity fir_compiler_v7_2_15.sp_mem [\sp_mem(c_xdevicefamily="artix7"...]
Compiling architecture synth of entity fir_compiler_v7_2_15.filt_mem [\filt_mem(c_xdevicefamily="artix...]
Compiling architecture synth of entity fir_compiler_v7_2_15.sp_mem [\sp_mem(c_xdevicefamily="artix7"...]
Compiling architecture synth of entity fir_compiler_v7_2_15.sp_mem [\sp_mem(c_xdevicefamily="artix7"...]
Compiling architecture synth of entity fir_compiler_v7_2_15.filt_mem [\filt_mem(c_xdevicefamily="artix...]
Compiling architecture synth of entity fir_compiler_v7_2_15.sp_mem [\sp_mem(c_xdevicefamily="artix7"...]
Compiling architecture synth of entity fir_compiler_v7_2_15.sp_mem [\sp_mem(c_xdevicefamily="artix7"...]
Compiling architecture synth of entity fir_compiler_v7_2_15.filt_mem [\filt_mem(c_xdevicefamily="artix...]
Compiling architecture synth of entity fir_compiler_v7_2_15.sp_mem [\sp_mem(c_xdevicefamily="artix7"...]
Compiling architecture synth of entity fir_compiler_v7_2_15.sp_mem [\sp_mem(c_xdevicefamily="artix7"...]
Compiling architecture synth of entity fir_compiler_v7_2_15.filt_mem [\filt_mem(c_xdevicefamily="artix...]
Compiling architecture synth of entity fir_compiler_v7_2_15.sp_mem [\sp_mem(c_xdevicefamily="artix7"...]
Compiling architecture synth of entity fir_compiler_v7_2_15.sp_mem [\sp_mem(c_xdevicefamily="artix7"...]
Compiling architecture synth of entity fir_compiler_v7_2_15.filt_mem [\filt_mem(c_xdevicefamily="artix...]
Compiling architecture synth of entity fir_compiler_v7_2_15.sp_mem [\sp_mem(c_xdevicefamily="artix7"...]
Compiling architecture synth of entity fir_compiler_v7_2_15.sp_mem [\sp_mem(c_xdevicefamily="artix7"...]
Compiling architecture synth of entity fir_compiler_v7_2_15.filt_mem [\filt_mem(c_xdevicefamily="artix...]
Compiling architecture synth of entity fir_compiler_v7_2_15.sp_mem [\sp_mem(c_xdevicefamily="artix7"...]
Compiling architecture synth of entity fir_compiler_v7_2_15.sp_mem [\sp_mem(c_xdevicefamily="artix7"...]
Compiling architecture synth of entity fir_compiler_v7_2_15.filt_mem [\filt_mem(c_xdevicefamily="artix...]
Compiling architecture synth of entity fir_compiler_v7_2_15.sp_mem [\sp_mem(c_xdevicefamily="artix7"...]
Compiling architecture synth of entity fir_compiler_v7_2_15.sp_mem [\sp_mem(c_xdevicefamily="artix7"...]
Compiling architecture synth of entity fir_compiler_v7_2_15.filt_mem [\filt_mem(c_xdevicefamily="artix...]
Compiling architecture synth of entity fir_compiler_v7_2_15.sp_mem [\sp_mem(c_xdevicefamily="artix7"...]
Compiling architecture synth of entity fir_compiler_v7_2_15.sp_mem [\sp_mem(c_xdevicefamily="artix7"...]
Compiling architecture synth of entity fir_compiler_v7_2_15.filt_mem [\filt_mem(c_xdevicefamily="artix...]
Compiling architecture synth of entity fir_compiler_v7_2_15.sp_mem [\sp_mem(c_xdevicefamily="artix7"...]
Compiling architecture synth of entity fir_compiler_v7_2_15.sp_mem [\sp_mem(c_xdevicefamily="artix7"...]
Compiling architecture synth of entity fir_compiler_v7_2_15.filt_mem [\filt_mem(c_xdevicefamily="artix...]
Compiling architecture synth of entity fir_compiler_v7_2_15.delay [\delay(c_delay_len=1,c_xdevicefa...]
Compiling architecture synth of entity fir_compiler_v7_2_15.buff [\buff(c_xdevicefamily="artix7",c...]
Compiling architecture synth of entity fir_compiler_v7_2_15.delay [\delay(c_delay_len=31,c_xdevicef...]
Compiling architecture synth of entity fir_compiler_v7_2_15.delay [\delay(c_delay_len=30,c_xdevicef...]
Compiling architecture synth of entity fir_compiler_v7_2_15.delay [\delay(c_delay_len=29,c_xdevicef...]
Compiling architecture synth of entity fir_compiler_v7_2_15.delay [\delay(c_delay_len=28,c_xdevicef...]
Compiling architecture synth of entity fir_compiler_v7_2_15.delay [\delay(c_delay_len=27,c_xdevicef...]
Compiling architecture synth of entity fir_compiler_v7_2_15.delay [\delay(c_delay_len=26,c_xdevicef...]
Compiling architecture synth of entity fir_compiler_v7_2_15.delay [\delay(c_delay_len=25,c_xdevicef...]
Compiling architecture synth of entity fir_compiler_v7_2_15.delay [\delay(c_delay_len=24,c_xdevicef...]
Compiling architecture synth of entity fir_compiler_v7_2_15.delay [\delay(c_delay_len=23,c_xdevicef...]
Compiling architecture synth of entity fir_compiler_v7_2_15.delay [\delay(c_delay_len=22,c_xdevicef...]
Compiling architecture synth of entity fir_compiler_v7_2_15.delay [\delay(c_delay_len=21,c_xdevicef...]
Compiling architecture synth of entity fir_compiler_v7_2_15.delay [\delay(c_delay_len=20,c_xdevicef...]
Compiling architecture synth of entity fir_compiler_v7_2_15.delay [\delay(c_delay_len=19,c_xdevicef...]
Compiling architecture synth of entity fir_compiler_v7_2_15.delay [\delay(c_delay_len=18,c_xdevicef...]
Compiling architecture synth of entity fir_compiler_v7_2_15.delay [\delay(c_delay_len=17,c_xdevicef...]
Compiling architecture synth of entity fir_compiler_v7_2_15.delay [\delay(c_delay_len=16,c_xdevicef...]
Compiling architecture synth of entity fir_compiler_v7_2_15.delay [\delay(c_delay_len=15,c_xdevicef...]
Compiling architecture synth of entity fir_compiler_v7_2_15.delay [\delay(c_delay_len=14,c_xdevicef...]
Compiling architecture synth of entity fir_compiler_v7_2_15.delay [\delay(c_delay_len=13,c_xdevicef...]
Compiling architecture synth of entity fir_compiler_v7_2_15.delay [\delay(c_delay_len=12,c_xdevicef...]
Compiling architecture synth of entity fir_compiler_v7_2_15.delay [\delay(c_delay_len=11,c_xdevicef...]
Compiling architecture synth of entity fir_compiler_v7_2_15.delay [\delay(c_delay_len=10,c_xdevicef...]
Compiling architecture synth of entity fir_compiler_v7_2_15.delay [\delay(c_delay_len=9,c_xdevicefa...]
Compiling architecture synth of entity fir_compiler_v7_2_15.delay [\delay(c_delay_len=8,c_xdevicefa...]
Compiling architecture synth of entity fir_compiler_v7_2_15.delay [\delay(c_delay_len=7,c_xdevicefa...]
Compiling architecture synth of entity fir_compiler_v7_2_15.delay [\delay(c_delay_len=6,c_xdevicefa...]
Compiling architecture synth of entity fir_compiler_v7_2_15.delay [\delay(c_delay_len=5,c_xdevicefa...]
Compiling architecture synth of entity fir_compiler_v7_2_15.delay [\delay(c_delay_len=4,c_xdevicefa...]
Compiling architecture synth of entity fir_compiler_v7_2_15.delay [\delay(c_delay_len=3,c_xdevicefa...]
Compiling architecture synth of entity fir_compiler_v7_2_15.delay [\delay(c_delay_len=2,c_xdevicefa...]
Compiling architecture synth of entity fir_compiler_v7_2_15.delay [\delay(c_delay_len=0,c_xdevicefa...]
Compiling architecture synth of entity fir_compiler_v7_2_15.delay [\delay(c_delay_len=2,c_xdevicefa...]
Compiling architecture synth of entity fir_compiler_v7_2_15.buff [\buff(c_xdevicefamily="artix7",c...]
Compiling architecture synth of entity fir_compiler_v7_2_15.delay [\delay(c_delay_len=0,c_xdevicefa...]
Compiling architecture dsp48e1_v of entity unisim.DSP48E1 [\DSP48E1(mask="11111111111111111...]
Compiling architecture synth of entity fir_compiler_v7_2_15.calc [\calc(c_xdevicefamily="artix7",c...]
Compiling architecture synth of entity fir_compiler_v7_2_15.addsub_mult_add [\addsub_mult_add(c_xdevicefamily...]
Compiling architecture synth of entity fir_compiler_v7_2_15.delay [\delay(c_delay_len=0,c_xdevicefa...]
Compiling architecture synth of entity fir_compiler_v7_2_15.addsub_mult_add [\addsub_mult_add(c_xdevicefamily...]
Compiling architecture synth of entity fir_compiler_v7_2_15.delay [\delay(c_delay_len=0,c_xdevicefa...]
Compiling architecture synth of entity fir_compiler_v7_2_15.delay [\delay(c_delay_len=1,c_xdevicefa...]
Compiling architecture synth of entity fir_compiler_v7_2_15.delay [\delay(c_delay_len=1,c_xdevicefa...]
Compiling architecture synth of entity fir_compiler_v7_2_15.delay [\delay(c_delay_len=1,c_xdevicefa...]
Compiling architecture synth of entity fir_compiler_v7_2_15.delay [\delay(c_delay_len=36,c_xdevicef...]
Compiling architecture synth of entity fir_compiler_v7_2_15.single_rate [\single_rate(c_xdevicefamily="ar...]
Compiling architecture synth of entity fir_compiler_v7_2_15.fir_compiler_v7_2_15_viv [\fir_compiler_v7_2_15_viv(c_xdev...]
Compiling architecture xilinx of entity fir_compiler_v7_2_15.fir_compiler_v7_2_15 [\fir_compiler_v7_2_15(c_xdevicef...]
Compiling architecture fir_500k_lp_arch of entity xil_defaultlib.fir_500k_lp [fir_500k_lp_default]
Compiling module xil_defaultlib.adc_filter_fir_500k_lp_wrap(FIR_...
Compiling module xil_defaultlib.adc_filter_channel(FIR_OUT_SHIFT...
Compiling module xil_defaultlib.adc_filter_8ch(FIR_OUT_SHIFT=15)
Compiling module xil_defaultlib.adc_filter_chain(FIR_OUT_SHIFT=1...
Compiling module xpm.xpm_cdc_sync_rst(DEST_SYNC_FF=2,...
Compiling module xpm.xpm_fifo_rst(COMMON_CLOCK=0)
Compiling module xpm.xpm_fifo_reg_bit
Compiling module xpm.xpm_counter_updn(COUNTER_WIDTH=7...
Compiling module xpm.xpm_counter_updn(COUNTER_WIDTH=6...
Compiling module xpm.xpm_memory_base(MEMORY_TYPE=1,ME...
Compiling module xpm.xpm_cdc_gray(DEST_SYNC_FF=2,INIT...
Compiling module xpm.xpm_fifo_reg_vec(REG_WIDTH=6)
Compiling module xpm.xpm_cdc_gray(INIT_SYNC_FF=1,WIDT...
Compiling module xpm.xpm_fifo_reg_vec(REG_WIDTH=7)
Compiling module xpm.xpm_cdc_gray(DEST_SYNC_FF=2,INIT...
Compiling module xpm.xpm_counter_updn(COUNTER_WIDTH=2...
Compiling module xpm.xpm_fifo_base(COMMON_CLOCK=0,FIF...
Compiling module xpm.xpm_fifo_async(FIFO_MEMORY_TYPE=...
Compiling module xil_defaultlib.adc_data_sync_default
Compiling module xil_defaultlib.adc_data_preprocess(FIR_OUT_SHIF...
Compiling module xil_defaultlib.ae_udp_cfg_sync
Compiling module xil_defaultlib.ae_pulse_sync_toggle
Compiling module xil_defaultlib.adc_data_downsampler
Compiling module xil_defaultlib.ae_trigger_detect
Compiling module xil_defaultlib.ae_cap_ctrl_default
Compiling module fifo_generator_v13_2_5.fifo_generator_v13_2_5_sync_stag...
Compiling module fifo_generator_v13_2_5.fifo_generator_v13_2_5_bhv_ver_a...
Compiling module fifo_generator_v13_2_5.fifo_generator_v13_2_5_CONV_VER(...
Compiling module fifo_generator_v13_2_5.fifo_generator_vlog_beh(C_DATA_C...
Compiling module xil_defaultlib.ae_desc_fifo_ip
Compiling module blk_mem_gen_v8_4_4.blk_mem_gen_v8_4_4_output_stage(...
Compiling module blk_mem_gen_v8_4_4.blk_mem_gen_v8_4_4_softecc_outpu...
Compiling module blk_mem_gen_v8_4_4.blk_mem_gen_v8_4_4_mem_module(C_...
Compiling module blk_mem_gen_v8_4_4.blk_mem_axi_regs_fwd_v8_4(C_DATA...
Compiling module blk_mem_gen_v8_4_4.blk_mem_gen_v8_4_4(C_FAMILY="art...
Compiling module xil_defaultlib.ae_live_ring_bram
Compiling module xil_defaultlib.ae_copy_ctrl_default
Compiling module blk_mem_gen_v8_4_4.blk_mem_gen_v8_4_4_output_stage(...
Compiling module blk_mem_gen_v8_4_4.blk_mem_gen_v8_4_4_softecc_outpu...
Compiling module blk_mem_gen_v8_4_4.blk_mem_gen_v8_4_4_mem_module(C_...
Compiling module blk_mem_gen_v8_4_4.blk_mem_axi_regs_fwd_v8_4(C_DATA...
Compiling module blk_mem_gen_v8_4_4.blk_mem_gen_v8_4_4(C_FAMILY="art...
Compiling module xil_defaultlib.ae_frame_bank_bram
Compiling module xil_defaultlib.ae_axis_stream_ctrl
Compiling module xil_defaultlib.ae_event_capture_default
Compiling module xil_defaultlib.event_time_keeper_default
Compiling module xil_defaultlib.ae_event_ingress
Compiling module xpm.xpm_counter_updn(COUNTER_WIDTH=1...
Compiling module xpm.xpm_counter_updn(COUNTER_WIDTH=9...
Compiling module xpm.xpm_memory_base(MEMORY_TYPE=1,ME...
Compiling module xpm.xpm_cdc_gray(DEST_SYNC_FF=2,INIT...
Compiling module xpm.xpm_fifo_reg_vec(REG_WIDTH=9)
Compiling module xpm.xpm_cdc_gray(INIT_SYNC_FF=1,WIDT...
Compiling module xpm.xpm_fifo_reg_vec(REG_WIDTH=10)
Compiling module xpm.xpm_cdc_gray(DEST_SYNC_FF=2,INIT...
Compiling module xpm.xpm_fifo_base(COMMON_CLOCK=0,FIF...
Compiling module xpm.xpm_fifo_async(FIFO_MEMORY_TYPE=...
Compiling module xpm.xpm_counter_updn(COUNTER_WIDTH=5...
Compiling module xpm.xpm_counter_updn
Compiling module xpm.xpm_memory_base(MEMORY_TYPE=1,ME...
Compiling module xpm.xpm_cdc_gray(DEST_SYNC_FF=2,INIT...
Compiling module xpm.xpm_fifo_reg_vec
Compiling module xpm.xpm_cdc_gray(INIT_SYNC_FF=1,WIDT...
Compiling module xpm.xpm_fifo_reg_vec(REG_WIDTH=5)
Compiling module xpm.xpm_cdc_gray(DEST_SYNC_FF=2,INIT...
Compiling module xpm.xpm_fifo_base(COMMON_CLOCK=0,FIF...
Compiling module xpm.xpm_fifo_async(FIFO_MEMORY_TYPE=...
Compiling module xil_defaultlib.ae_event_header_gen
Compiling module xil_defaultlib.ae_ddr_axi_writer(EVENT_SLOT_BYT...
Compiling module xil_defaultlib.ae_event_desc_table_default
Compiling module xil_defaultlib.ae_ddr_axi_reader
Compiling module xil_defaultlib.ae_ddr_axi_mem_model_default
Compiling module xil_defaultlib.ae_ddr_event_buffer(EVENT_BASE_A...
Compiling module xil_defaultlib.ae_ddr_axis_event_buffer(SIM_AXI...
Compiling module xil_defaultlib.onewire_byte_ctrl_default
Compiling module xil_defaultlib.ds18b20_driver_default
Compiling module xil_defaultlib.i2c_byte_ctrl_default
Compiling module xil_defaultlib.aht20_driver_default
Compiling module xil_defaultlib.lsm6ds3tr_driver_default
Compiling module xil_defaultlib.sensor
Compiling module xpm.xpm_memory_base(MEMORY_TYPE=1,ME...
Compiling module xpm.xpm_fifo_base(COMMON_CLOCK=0,FIF...
Compiling module xpm.xpm_fifo_async(FIFO_WRITE_DEPTH=...
Compiling module xpm.xpm_counter_updn(COUNTER_WIDTH=8...
Compiling module xpm.xpm_memory_base(MEMORY_TYPE=1,ME...
Compiling module xpm.xpm_cdc_gray(DEST_SYNC_FF=2,INIT...
Compiling module xpm.xpm_fifo_reg_vec(REG_WIDTH=8)
Compiling module xpm.xpm_cdc_gray(INIT_SYNC_FF=1,WIDT...
Compiling module xpm.xpm_fifo_base(COMMON_CLOCK=0,FIF...
Compiling module xpm.xpm_fifo_async(FIFO_MEMORY_TYPE=...
Compiling module xpm.xpm_counter_updn(COUNTER_WIDTH=1...
Compiling module xpm.xpm_counter_updn(COUNTER_WIDTH=1...
Compiling module xpm.xpm_memory_base(MEMORY_TYPE=1,ME...
Compiling module xpm.xpm_cdc_gray(DEST_SYNC_FF=2,INIT...
Compiling module xpm.xpm_fifo_reg_vec(REG_WIDTH=13)
Compiling module xpm.xpm_cdc_gray(INIT_SYNC_FF=1,WIDT...
Compiling module xpm.xpm_fifo_reg_vec(REG_WIDTH=14)
Compiling module xpm.xpm_cdc_gray(DEST_SYNC_FF=2,INIT...
Compiling module xpm.xpm_fifo_base(COMMON_CLOCK=0,FIF...
Compiling module xpm.xpm_fifo_async(FIFO_MEMORY_TYPE=...
Compiling module xpm.xpm_memory_base(MEMORY_TYPE=1,ME...
Compiling module xpm.xpm_fifo_base(COMMON_CLOCK=0,FIF...
Compiling module xpm.xpm_fifo_async(FIFO_WRITE_DEPTH=...
Compiling module xil_defaultlib.udp_event_sensor_tx_default
Compiling module xil_defaultlib.top(SIM_AXI_MEM=1)
Compiling module xil_defaultlib.tb_top_smoke
Compiling module xil_defaultlib.glbl
Built simulation snapshot tb_top_smoke_behav
