INFO: [VRFC 10-2263] Analyzing Verilog file "E:/AE_project/FPGA/AE_project/AE_project.gen/sources_1/ip/adc_dclk_in/adc_dclk_in_clk_wiz.v" into library xil_defaultlib
INFO: [VRFC 10-311] analyzing module adc_dclk_in_clk_wiz
INFO: [VRFC 10-2263] Analyzing Verilog file "E:/AE_project/FPGA/AE_project/AE_project.gen/sources_1/ip/adc_dclk_in/adc_dclk_in.v" into library xil_defaultlib
INFO: [VRFC 10-311] analyzing module adc_dclk_in
INFO: [VRFC 10-2263] Analyzing Verilog file "E:/AE_project/FPGA/AE_project/AE_project.gen/sources_1/ip/ddr3/ddr3/user_design/rtl/axi/mig_7series_v4_2_axi_ctrl_addr_decode.v" into library xil_defaultlib
INFO: [VRFC 10-311] analyzing module mig_7series_v4_2_axi_ctrl_addr_decode
INFO: [VRFC 10-2263] Analyzing Verilog file "E:/AE_project/FPGA/AE_project/AE_project.gen/sources_1/ip/ddr3/ddr3/user_design/rtl/axi/mig_7series_v4_2_axi_ctrl_read.v" into library xil_defaultlib
INFO: [VRFC 10-311] analyzing module mig_7series_v4_2_axi_ctrl_read
INFO: [VRFC 10-2263] Analyzing Verilog file "E:/AE_project/FPGA/AE_project/AE_project.gen/sources_1/ip/ddr3/ddr3/user_design/rtl/axi/mig_7series_v4_2_axi_ctrl_reg.v" into library xil_defaultlib
INFO: [VRFC 10-311] analyzing module mig_7series_v4_2_axi_ctrl_reg
INFO: [VRFC 10-2263] Analyzing Verilog file "E:/AE_project/FPGA/AE_project/AE_project.gen/sources_1/ip/ddr3/ddr3/user_design/rtl/axi/mig_7series_v4_2_axi_ctrl_reg_bank.v" into library xil_defaultlib
INFO: [VRFC 10-311] analyzing module mig_7series_v4_2_axi_ctrl_reg_bank
INFO: [VRFC 10-2263] Analyzing Verilog file "E:/AE_project/FPGA/AE_project/AE_project.gen/sources_1/ip/ddr3/ddr3/user_design/rtl/axi/mig_7series_v4_2_axi_ctrl_top.v" into library xil_defaultlib
INFO: [VRFC 10-311] analyzing module mig_7series_v4_2_axi_ctrl_top
INFO: [VRFC 10-2263] Analyzing Verilog file "E:/AE_project/FPGA/AE_project/AE_project.gen/sources_1/ip/ddr3/ddr3/user_design/rtl/axi/mig_7series_v4_2_axi_ctrl_write.v" into library xil_defaultlib
INFO: [VRFC 10-311] analyzing module mig_7series_v4_2_axi_ctrl_write
INFO: [VRFC 10-2263] Analyzing Verilog file "E:/AE_project/FPGA/AE_project/AE_project.gen/sources_1/ip/ddr3/ddr3/user_design/rtl/axi/mig_7series_v4_2_axi_mc.v" into library xil_defaultlib
INFO: [VRFC 10-311] analyzing module mig_7series_v4_2_axi_mc
INFO: [VRFC 10-2263] Analyzing Verilog file "E:/AE_project/FPGA/AE_project/AE_project.gen/sources_1/ip/ddr3/ddr3/user_design/rtl/axi/mig_7series_v4_2_axi_mc_ar_channel.v" into library xil_defaultlib
INFO: [VRFC 10-311] analyzing module mig_7series_v4_2_axi_mc_ar_channel
INFO: [VRFC 10-2263] Analyzing Verilog file "E:/AE_project/FPGA/AE_project/AE_project.gen/sources_1/ip/ddr3/ddr3/user_design/rtl/axi/mig_7series_v4_2_axi_mc_aw_channel.v" into library xil_defaultlib
INFO: [VRFC 10-311] analyzing module mig_7series_v4_2_axi_mc_aw_channel
INFO: [VRFC 10-2263] Analyzing Verilog file "E:/AE_project/FPGA/AE_project/AE_project.gen/sources_1/ip/ddr3/ddr3/user_design/rtl/axi/mig_7series_v4_2_axi_mc_b_channel.v" into library xil_defaultlib
INFO: [VRFC 10-311] analyzing module mig_7series_v4_2_axi_mc_b_channel
INFO: [VRFC 10-2263] Analyzing Verilog file "E:/AE_project/FPGA/AE_project/AE_project.gen/sources_1/ip/ddr3/ddr3/user_design/rtl/axi/mig_7series_v4_2_axi_mc_cmd_arbiter.v" into library xil_defaultlib
INFO: [VRFC 10-311] analyzing module mig_7series_v4_2_axi_mc_cmd_arbiter
INFO: [VRFC 10-2263] Analyzing Verilog file "E:/AE_project/FPGA/AE_project/AE_project.gen/sources_1/ip/ddr3/ddr3/user_design/rtl/axi/mig_7series_v4_2_axi_mc_cmd_fsm.v" into library xil_defaultlib
INFO: [VRFC 10-311] analyzing module mig_7series_v4_2_axi_mc_cmd_fsm
INFO: [VRFC 10-2263] Analyzing Verilog file "E:/AE_project/FPGA/AE_project/AE_project.gen/sources_1/ip/ddr3/ddr3/user_design/rtl/axi/mig_7series_v4_2_axi_mc_cmd_translator.v" into library xil_defaultlib
INFO: [VRFC 10-311] analyzing module mig_7series_v4_2_axi_mc_cmd_translator
INFO: [VRFC 10-2263] Analyzing Verilog file "E:/AE_project/FPGA/AE_project/AE_project.gen/sources_1/ip/ddr3/ddr3/user_design/rtl/axi/mig_7series_v4_2_axi_mc_fifo.v" into library xil_defaultlib
INFO: [VRFC 10-311] analyzing module mig_7series_v4_2_axi_mc_fifo
INFO: [VRFC 10-2263] Analyzing Verilog file "E:/AE_project/FPGA/AE_project/AE_project.gen/sources_1/ip/ddr3/ddr3/user_design/rtl/axi/mig_7series_v4_2_axi_mc_incr_cmd.v" into library xil_defaultlib
INFO: [VRFC 10-311] analyzing module mig_7series_v4_2_axi_mc_incr_cmd
INFO: [VRFC 10-2263] Analyzing Verilog file "E:/AE_project/FPGA/AE_project/AE_project.gen/sources_1/ip/ddr3/ddr3/user_design/rtl/axi/mig_7series_v4_2_axi_mc_r_channel.v" into library xil_defaultlib
INFO: [VRFC 10-311] analyzing module mig_7series_v4_2_axi_mc_r_channel
INFO: [VRFC 10-2263] Analyzing Verilog file "E:/AE_project/FPGA/AE_project/AE_project.gen/sources_1/ip/ddr3/ddr3/user_design/rtl/axi/mig_7series_v4_2_axi_mc_simple_fifo.v" into library xil_defaultlib
INFO: [VRFC 10-311] analyzing module mig_7series_v4_2_axi_mc_simple_fifo
INFO: [VRFC 10-2263] Analyzing Verilog file "E:/AE_project/FPGA/AE_project/AE_project.gen/sources_1/ip/ddr3/ddr3/user_design/rtl/axi/mig_7series_v4_2_axi_mc_wrap_cmd.v" into library xil_defaultlib
INFO: [VRFC 10-311] analyzing module mig_7series_v4_2_axi_mc_wrap_cmd
INFO: [VRFC 10-2263] Analyzing Verilog file "E:/AE_project/FPGA/AE_project/AE_project.gen/sources_1/ip/ddr3/ddr3/user_design/rtl/axi/mig_7series_v4_2_axi_mc_wr_cmd_fsm.v" into library xil_defaultlib
INFO: [VRFC 10-311] analyzing module mig_7series_v4_2_axi_mc_wr_cmd_fsm
INFO: [VRFC 10-2263] Analyzing Verilog file "E:/AE_project/FPGA/AE_project/AE_project.gen/sources_1/ip/ddr3/ddr3/user_design/rtl/axi/mig_7series_v4_2_axi_mc_w_channel.v" into library xil_defaultlib
INFO: [VRFC 10-311] analyzing module mig_7series_v4_2_axi_mc_w_channel
INFO: [VRFC 10-2263] Analyzing Verilog file "E:/AE_project/FPGA/AE_project/AE_project.gen/sources_1/ip/ddr3/ddr3/user_design/rtl/axi/mig_7series_v4_2_ddr_axic_register_slice.v" into library xil_defaultlib
INFO: [VRFC 10-311] analyzing module mig_7series_v4_2_ddr_axic_register_slice
INFO: [VRFC 10-2263] Analyzing Verilog file "E:/AE_project/FPGA/AE_project/AE_project.gen/sources_1/ip/ddr3/ddr3/user_design/rtl/axi/mig_7series_v4_2_ddr_axi_register_slice.v" into library xil_defaultlib
INFO: [VRFC 10-311] analyzing module mig_7series_v4_2_ddr_axi_register_slice
INFO: [VRFC 10-2263] Analyzing Verilog file "E:/AE_project/FPGA/AE_project/AE_project.gen/sources_1/ip/ddr3/ddr3/user_design/rtl/axi/mig_7series_v4_2_ddr_axi_upsizer.v" into library xil_defaultlib
INFO: [VRFC 10-311] analyzing module mig_7series_v4_2_ddr_axi_upsizer
INFO: [VRFC 10-2263] Analyzing Verilog file "E:/AE_project/FPGA/AE_project/AE_project.gen/sources_1/ip/ddr3/ddr3/user_design/rtl/axi/mig_7series_v4_2_ddr_a_upsizer.v" into library xil_defaultlib
INFO: [VRFC 10-311] analyzing module mig_7series_v4_2_ddr_a_upsizer
INFO: [VRFC 10-2263] Analyzing Verilog file "E:/AE_project/FPGA/AE_project/AE_project.gen/sources_1/ip/ddr3/ddr3/user_design/rtl/axi/mig_7series_v4_2_ddr_carry_and.v" into library xil_defaultlib
INFO: [VRFC 10-311] analyzing module mig_7series_v4_2_ddr_carry_and
INFO: [VRFC 10-2263] Analyzing Verilog file "E:/AE_project/FPGA/AE_project/AE_project.gen/sources_1/ip/ddr3/ddr3/user_design/rtl/axi/mig_7series_v4_2_ddr_carry_latch_and.v" into library xil_defaultlib
INFO: [VRFC 10-311] analyzing module mig_7series_v4_2_ddr_carry_latch_and
INFO: [VRFC 10-2263] Analyzing Verilog file "E:/AE_project/FPGA/AE_project/AE_project.gen/sources_1/ip/ddr3/ddr3/user_design/rtl/axi/mig_7series_v4_2_ddr_carry_latch_or.v" into library xil_defaultlib
INFO: [VRFC 10-311] analyzing module mig_7series_v4_2_ddr_carry_latch_or
INFO: [VRFC 10-2263] Analyzing Verilog file "E:/AE_project/FPGA/AE_project/AE_project.gen/sources_1/ip/ddr3/ddr3/user_design/rtl/axi/mig_7series_v4_2_ddr_carry_or.v" into library xil_defaultlib
INFO: [VRFC 10-311] analyzing module mig_7series_v4_2_ddr_carry_or
INFO: [VRFC 10-2263] Analyzing Verilog file "E:/AE_project/FPGA/AE_project/AE_project.gen/sources_1/ip/ddr3/ddr3/user_design/rtl/axi/mig_7series_v4_2_ddr_command_fifo.v" into library xil_defaultlib
INFO: [VRFC 10-311] analyzing module mig_7series_v4_2_ddr_command_fifo
INFO: [VRFC 10-2263] Analyzing Verilog file "E:/AE_project/FPGA/AE_project/AE_project.gen/sources_1/ip/ddr3/ddr3/user_design/rtl/axi/mig_7series_v4_2_ddr_comparator.v" into library xil_defaultlib
INFO: [VRFC 10-311] analyzing module mig_7series_v4_2_ddr_comparator
INFO: [VRFC 10-2263] Analyzing Verilog file "E:/AE_project/FPGA/AE_project/AE_project.gen/sources_1/ip/ddr3/ddr3/user_design/rtl/axi/mig_7series_v4_2_ddr_comparator_sel.v" into library xil_defaultlib
INFO: [VRFC 10-311] analyzing module mig_7series_v4_2_ddr_comparator_sel
INFO: [VRFC 10-2263] Analyzing Verilog file "E:/AE_project/FPGA/AE_project/AE_project.gen/sources_1/ip/ddr3/ddr3/user_design/rtl/axi/mig_7series_v4_2_ddr_comparator_sel_static.v" into library xil_defaultlib
INFO: [VRFC 10-311] analyzing module mig_7series_v4_2_ddr_comparator_sel_static
INFO: [VRFC 10-2263] Analyzing Verilog file "E:/AE_project/FPGA/AE_project/AE_project.gen/sources_1/ip/ddr3/ddr3/user_design/rtl/axi/mig_7series_v4_2_ddr_r_upsizer.v" into library xil_defaultlib
INFO: [VRFC 10-311] analyzing module mig_7series_v4_2_ddr_r_upsizer
INFO: [VRFC 10-2263] Analyzing Verilog file "E:/AE_project/FPGA/AE_project/AE_project.gen/sources_1/ip/ddr3/ddr3/user_design/rtl/axi/mig_7series_v4_2_ddr_w_upsizer.v" into library xil_defaultlib
INFO: [VRFC 10-311] analyzing module mig_7series_v4_2_ddr_w_upsizer
INFO: [VRFC 10-2263] Analyzing Verilog file "E:/AE_project/FPGA/AE_project/AE_project.gen/sources_1/ip/ddr3/ddr3/user_design/rtl/clocking/mig_7series_v4_2_clk_ibuf.v" into library xil_defaultlib
INFO: [VRFC 10-311] analyzing module mig_7series_v4_2_clk_ibuf
INFO: [VRFC 10-2263] Analyzing Verilog file "E:/AE_project/FPGA/AE_project/AE_project.gen/sources_1/ip/ddr3/ddr3/user_design/rtl/clocking/mig_7series_v4_2_infrastructure.v" into library xil_defaultlib
INFO: [VRFC 10-311] analyzing module mig_7series_v4_2_infrastructure
INFO: [VRFC 10-2263] Analyzing Verilog file "E:/AE_project/FPGA/AE_project/AE_project.gen/sources_1/ip/ddr3/ddr3/user_design/rtl/clocking/mig_7series_v4_2_iodelay_ctrl.v" into library xil_defaultlib
INFO: [VRFC 10-311] analyzing module mig_7series_v4_2_iodelay_ctrl
INFO: [VRFC 10-2263] Analyzing Verilog file "E:/AE_project/FPGA/AE_project/AE_project.gen/sources_1/ip/ddr3/ddr3/user_design/rtl/clocking/mig_7series_v4_2_tempmon.v" into library xil_defaultlib
INFO: [VRFC 10-311] analyzing module mig_7series_v4_2_tempmon
INFO: [VRFC 10-2263] Analyzing Verilog file "E:/AE_project/FPGA/AE_project/AE_project.gen/sources_1/ip/ddr3/ddr3/user_design/rtl/controller/mig_7series_v4_2_arb_mux.v" into library xil_defaultlib
INFO: [VRFC 10-311] analyzing module mig_7series_v4_2_arb_mux
INFO: [VRFC 10-2263] Analyzing Verilog file "E:/AE_project/FPGA/AE_project/AE_project.gen/sources_1/ip/ddr3/ddr3/user_design/rtl/controller/mig_7series_v4_2_arb_row_col.v" into library xil_defaultlib
INFO: [VRFC 10-311] analyzing module mig_7series_v4_2_arb_row_col
WARNING: [VRFC 10-8332] begin/end is required for generate-for in this mode of Verilog [E:/AE_project/FPGA/AE_project/AE_project.gen/sources_1/ip/ddr3/ddr3/user_design/rtl/controller/mig_7series_v4_2_arb_row_col.v:252]
INFO: [VRFC 10-2263] Analyzing Verilog file "E:/AE_project/FPGA/AE_project/AE_project.gen/sources_1/ip/ddr3/ddr3/user_design/rtl/controller/mig_7series_v4_2_arb_select.v" into library xil_defaultlib
INFO: [VRFC 10-311] analyzing module mig_7series_v4_2_arb_select
INFO: [VRFC 10-2263] Analyzing Verilog file "E:/AE_project/FPGA/AE_project/AE_project.gen/sources_1/ip/ddr3/ddr3/user_design/rtl/controller/mig_7series_v4_2_bank_cntrl.v" into library xil_defaultlib
INFO: [VRFC 10-311] analyzing module mig_7series_v4_2_bank_cntrl
INFO: [VRFC 10-2263] Analyzing Verilog file "E:/AE_project/FPGA/AE_project/AE_project.gen/sources_1/ip/ddr3/ddr3/user_design/rtl/controller/mig_7series_v4_2_bank_common.v" into library xil_defaultlib
INFO: [VRFC 10-311] analyzing module mig_7series_v4_2_bank_common
INFO: [VRFC 10-2263] Analyzing Verilog file "E:/AE_project/FPGA/AE_project/AE_project.gen/sources_1/ip/ddr3/ddr3/user_design/rtl/controller/mig_7series_v4_2_bank_compare.v" into library xil_defaultlib
INFO: [VRFC 10-311] analyzing module mig_7series_v4_2_bank_compare
INFO: [VRFC 10-2263] Analyzing Verilog file "E:/AE_project/FPGA/AE_project/AE_project.gen/sources_1/ip/ddr3/ddr3/user_design/rtl/controller/mig_7series_v4_2_bank_mach.v" into library xil_defaultlib
INFO: [VRFC 10-311] analyzing module mig_7series_v4_2_bank_mach
INFO: [VRFC 10-2263] Analyzing Verilog file "E:/AE_project/FPGA/AE_project/AE_project.gen/sources_1/ip/ddr3/ddr3/user_design/rtl/controller/mig_7series_v4_2_bank_queue.v" into library xil_defaultlib
INFO: [VRFC 10-311] analyzing module mig_7series_v4_2_bank_queue
INFO: [VRFC 10-2263] Analyzing Verilog file "E:/AE_project/FPGA/AE_project/AE_project.gen/sources_1/ip/ddr3/ddr3/user_design/rtl/controller/mig_7series_v4_2_bank_state.v" into library xil_defaultlib
INFO: [VRFC 10-311] analyzing module mig_7series_v4_2_bank_state
INFO: [VRFC 10-2263] Analyzing Verilog file "E:/AE_project/FPGA/AE_project/AE_project.gen/sources_1/ip/ddr3/ddr3/user_design/rtl/controller/mig_7series_v4_2_col_mach.v" into library xil_defaultlib
INFO: [VRFC 10-311] analyzing module mig_7series_v4_2_col_mach
INFO: [VRFC 10-2263] Analyzing Verilog file "E:/AE_project/FPGA/AE_project/AE_project.gen/sources_1/ip/ddr3/ddr3/user_design/rtl/controller/mig_7series_v4_2_mc.v" into library xil_defaultlib
INFO: [VRFC 10-311] analyzing module mig_7series_v4_2_mc
INFO: [VRFC 10-2263] Analyzing Verilog file "E:/AE_project/FPGA/AE_project/AE_project.gen/sources_1/ip/ddr3/ddr3/user_design/rtl/controller/mig_7series_v4_2_rank_cntrl.v" into library xil_defaultlib
INFO: [VRFC 10-311] analyzing module mig_7series_v4_2_rank_cntrl
INFO: [VRFC 10-2263] Analyzing Verilog file "E:/AE_project/FPGA/AE_project/AE_project.gen/sources_1/ip/ddr3/ddr3/user_design/rtl/controller/mig_7series_v4_2_rank_common.v" into library xil_defaultlib
INFO: [VRFC 10-311] analyzing module mig_7series_v4_2_rank_common
INFO: [VRFC 10-2263] Analyzing Verilog file "E:/AE_project/FPGA/AE_project/AE_project.gen/sources_1/ip/ddr3/ddr3/user_design/rtl/controller/mig_7series_v4_2_rank_mach.v" into library xil_defaultlib
INFO: [VRFC 10-311] analyzing module mig_7series_v4_2_rank_mach
INFO: [VRFC 10-2263] Analyzing Verilog file "E:/AE_project/FPGA/AE_project/AE_project.gen/sources_1/ip/ddr3/ddr3/user_design/rtl/controller/mig_7series_v4_2_round_robin_arb.v" into library xil_defaultlib
INFO: [VRFC 10-311] analyzing module mig_7series_v4_2_round_robin_arb
INFO: [VRFC 10-2263] Analyzing Verilog file "E:/AE_project/FPGA/AE_project/AE_project.gen/sources_1/ip/ddr3/ddr3/user_design/rtl/ecc/mig_7series_v4_2_ecc_buf.v" into library xil_defaultlib
INFO: [VRFC 10-311] analyzing module mig_7series_v4_2_ecc_buf
INFO: [VRFC 10-2263] Analyzing Verilog file "E:/AE_project/FPGA/AE_project/AE_project.gen/sources_1/ip/ddr3/ddr3/user_design/rtl/ecc/mig_7series_v4_2_ecc_dec_fix.v" into library xil_defaultlib
INFO: [VRFC 10-311] analyzing module mig_7series_v4_2_ecc_dec_fix
INFO: [VRFC 10-2263] Analyzing Verilog file "E:/AE_project/FPGA/AE_project/AE_project.gen/sources_1/ip/ddr3/ddr3/user_design/rtl/ecc/mig_7series_v4_2_ecc_gen.v" into library xil_defaultlib
INFO: [VRFC 10-311] analyzing module mig_7series_v4_2_ecc_gen
INFO: [VRFC 10-2263] Analyzing Verilog file "E:/AE_project/FPGA/AE_project/AE_project.gen/sources_1/ip/ddr3/ddr3/user_design/rtl/ecc/mig_7series_v4_2_ecc_merge_enc.v" into library xil_defaultlib
INFO: [VRFC 10-311] analyzing module mig_7series_v4_2_ecc_merge_enc
INFO: [VRFC 10-2263] Analyzing Verilog file "E:/AE_project/FPGA/AE_project/AE_project.gen/sources_1/ip/ddr3/ddr3/user_design/rtl/ecc/mig_7series_v4_2_fi_xor.v" into library xil_defaultlib
INFO: [VRFC 10-311] analyzing module mig_7series_v4_2_fi_xor
INFO: [VRFC 10-2263] Analyzing Verilog file "E:/AE_project/FPGA/AE_project/AE_project.gen/sources_1/ip/ddr3/ddr3/user_design/rtl/ip_top/mig_7series_v4_2_memc_ui_top_axi.v" into library xil_defaultlib
INFO: [VRFC 10-311] analyzing module mig_7series_v4_2_memc_ui_top_axi
INFO: [VRFC 10-2263] Analyzing Verilog file "E:/AE_project/FPGA/AE_project/AE_project.gen/sources_1/ip/ddr3/ddr3/user_design/rtl/ip_top/mig_7series_v4_2_mem_intfc.v" into library xil_defaultlib
INFO: [VRFC 10-311] analyzing module mig_7series_v4_2_mem_intfc
INFO: [VRFC 10-2263] Analyzing Verilog file "E:/AE_project/FPGA/AE_project/AE_project.gen/sources_1/ip/ddr3/ddr3/user_design/rtl/phy/mig_7series_v4_2_ddr_byte_group_io.v" into library xil_defaultlib
INFO: [VRFC 10-311] analyzing module mig_7series_v4_2_ddr_byte_group_io
INFO: [VRFC 10-2263] Analyzing Verilog file "E:/AE_project/FPGA/AE_project/AE_project.gen/sources_1/ip/ddr3/ddr3/user_design/rtl/phy/mig_7series_v4_2_ddr_byte_lane.v" into library xil_defaultlib
INFO: [VRFC 10-311] analyzing module mig_7series_v4_2_ddr_byte_lane
INFO: [VRFC 10-2263] Analyzing Verilog file "E:/AE_project/FPGA/AE_project/AE_project.gen/sources_1/ip/ddr3/ddr3/user_design/rtl/phy/mig_7series_v4_2_ddr_calib_top.v" into library xil_defaultlib
INFO: [VRFC 10-311] analyzing module mig_7series_v4_2_ddr_calib_top
INFO: [VRFC 10-2263] Analyzing Verilog file "E:/AE_project/FPGA/AE_project/AE_project.gen/sources_1/ip/ddr3/ddr3/user_design/rtl/phy/mig_7series_v4_2_ddr_if_post_fifo.v" into library xil_defaultlib
INFO: [VRFC 10-311] analyzing module mig_7series_v4_2_ddr_if_post_fifo
INFO: [VRFC 10-2263] Analyzing Verilog file "E:/AE_project/FPGA/AE_project/AE_project.gen/sources_1/ip/ddr3/ddr3/user_design/rtl/phy/mig_7series_v4_2_ddr_mc_phy.v" into library xil_defaultlib
INFO: [VRFC 10-311] analyzing module mig_7series_v4_2_ddr_mc_phy
INFO: [VRFC 10-2263] Analyzing Verilog file "E:/AE_project/FPGA/AE_project/AE_project.gen/sources_1/ip/ddr3/ddr3/user_design/rtl/phy/mig_7series_v4_2_ddr_mc_phy_wrapper.v" into library xil_defaultlib
INFO: [VRFC 10-311] analyzing module mig_7series_v4_2_ddr_mc_phy_wrapper
INFO: [VRFC 10-2263] Analyzing Verilog file "E:/AE_project/FPGA/AE_project/AE_project.gen/sources_1/ip/ddr3/ddr3/user_design/rtl/phy/mig_7series_v4_2_ddr_of_pre_fifo.v" into library xil_defaultlib
INFO: [VRFC 10-311] analyzing module mig_7series_v4_2_ddr_of_pre_fifo
INFO: [VRFC 10-2263] Analyzing Verilog file "E:/AE_project/FPGA/AE_project/AE_project.gen/sources_1/ip/ddr3/ddr3/user_design/rtl/phy/mig_7series_v4_2_ddr_phy_4lanes.v" into library xil_defaultlib
INFO: [VRFC 10-311] analyzing module mig_7series_v4_2_ddr_phy_4lanes
INFO: [VRFC 10-2263] Analyzing Verilog file "E:/AE_project/FPGA/AE_project/AE_project.gen/sources_1/ip/ddr3/ddr3/user_design/rtl/phy/mig_7series_v4_2_ddr_phy_ck_addr_cmd_delay.v" into library xil_defaultlib
INFO: [VRFC 10-311] analyzing module mig_7series_v4_2_ddr_phy_ck_addr_cmd_delay
INFO: [VRFC 10-2263] Analyzing Verilog file "E:/AE_project/FPGA/AE_project/AE_project.gen/sources_1/ip/ddr3/ddr3/user_design/rtl/phy/mig_7series_v4_2_ddr_phy_dqs_found_cal.v" into library xil_defaultlib
INFO: [VRFC 10-311] analyzing module mig_7series_v4_2_ddr_phy_dqs_found_cal
INFO: [VRFC 10-2263] Analyzing Verilog file "E:/AE_project/FPGA/AE_project/AE_project.gen/sources_1/ip/ddr3/ddr3/user_design/rtl/phy/mig_7series_v4_2_ddr_phy_dqs_found_cal_hr.v" into library xil_defaultlib
INFO: [VRFC 10-311] analyzing module mig_7series_v4_2_ddr_phy_dqs_found_cal_hr
INFO: [VRFC 10-2263] Analyzing Verilog file "E:/AE_project/FPGA/AE_project/AE_project.gen/sources_1/ip/ddr3/ddr3/user_design/rtl/phy/mig_7series_v4_2_ddr_phy_init.v" into library xil_defaultlib
INFO: [VRFC 10-311] analyzing module mig_7series_v4_2_ddr_phy_init
INFO: [VRFC 10-2263] Analyzing Verilog file "E:/AE_project/FPGA/AE_project/AE_project.gen/sources_1/ip/ddr3/ddr3/user_design/rtl/phy/mig_7series_v4_2_ddr_phy_ocd_cntlr.v" into library xil_defaultlib
INFO: [VRFC 10-311] analyzing module mig_7series_v4_2_ddr_phy_ocd_cntlr
INFO: [VRFC 10-2263] Analyzing Verilog file "E:/AE_project/FPGA/AE_project/AE_project.gen/sources_1/ip/ddr3/ddr3/user_design/rtl/phy/mig_7series_v4_2_ddr_phy_ocd_data.v" into library xil_defaultlib
INFO: [VRFC 10-311] analyzing module mig_7series_v4_2_ddr_phy_ocd_data
INFO: [VRFC 10-2263] Analyzing Verilog file "E:/AE_project/FPGA/AE_project/AE_project.gen/sources_1/ip/ddr3/ddr3/user_design/rtl/phy/mig_7series_v4_2_ddr_phy_ocd_edge.v" into library xil_defaultlib
INFO: [VRFC 10-311] analyzing module mig_7series_v4_2_ddr_phy_ocd_edge
INFO: [VRFC 10-2263] Analyzing Verilog file "E:/AE_project/FPGA/AE_project/AE_project.gen/sources_1/ip/ddr3/ddr3/user_design/rtl/phy/mig_7series_v4_2_ddr_phy_ocd_lim.v" into library xil_defaultlib
INFO: [VRFC 10-311] analyzing module mig_7series_v4_2_ddr_phy_ocd_lim
INFO: [VRFC 10-2263] Analyzing Verilog file "E:/AE_project/FPGA/AE_project/AE_project.gen/sources_1/ip/ddr3/ddr3/user_design/rtl/phy/mig_7series_v4_2_ddr_phy_ocd_mux.v" into library xil_defaultlib
INFO: [VRFC 10-311] analyzing module mig_7series_v4_2_ddr_phy_ocd_mux
INFO: [VRFC 10-2263] Analyzing Verilog file "E:/AE_project/FPGA/AE_project/AE_project.gen/sources_1/ip/ddr3/ddr3/user_design/rtl/phy/mig_7series_v4_2_ddr_phy_ocd_po_cntlr.v" into library xil_defaultlib
INFO: [VRFC 10-311] analyzing module mig_7series_v4_2_ddr_phy_ocd_po_cntlr
INFO: [VRFC 10-2263] Analyzing Verilog file "E:/AE_project/FPGA/AE_project/AE_project.gen/sources_1/ip/ddr3/ddr3/user_design/rtl/phy/mig_7series_v4_2_ddr_phy_ocd_samp.v" into library xil_defaultlib
INFO: [VRFC 10-311] analyzing module mig_7series_v4_2_ddr_phy_ocd_samp
INFO: [VRFC 10-2263] Analyzing Verilog file "E:/AE_project/FPGA/AE_project/AE_project.gen/sources_1/ip/ddr3/ddr3/user_design/rtl/phy/mig_7series_v4_2_ddr_phy_oclkdelay_cal.v" into library xil_defaultlib
INFO: [VRFC 10-311] analyzing module mig_7series_v4_2_ddr_phy_oclkdelay_cal
INFO: [VRFC 10-2263] Analyzing Verilog file "E:/AE_project/FPGA/AE_project/AE_project.gen/sources_1/ip/ddr3/ddr3/user_design/rtl/phy/mig_7series_v4_2_ddr_phy_prbs_rdlvl.v" into library xil_defaultlib
INFO: [VRFC 10-311] analyzing module mig_7series_v4_2_ddr_phy_prbs_rdlvl
INFO: [VRFC 10-2263] Analyzing Verilog file "E:/AE_project/FPGA/AE_project/AE_project.gen/sources_1/ip/ddr3/ddr3/user_design/rtl/phy/mig_7series_v4_2_ddr_phy_rdlvl.v" into library xil_defaultlib
INFO: [VRFC 10-311] analyzing module mig_7series_v4_2_ddr_phy_rdlvl
INFO: [VRFC 10-2263] Analyzing Verilog file "E:/AE_project/FPGA/AE_project/AE_project.gen/sources_1/ip/ddr3/ddr3/user_design/rtl/phy/mig_7series_v4_2_ddr_phy_tempmon.v" into library xil_defaultlib
INFO: [VRFC 10-311] analyzing module mig_7series_v4_2_ddr_phy_tempmon
INFO: [VRFC 10-2263] Analyzing Verilog file "E:/AE_project/FPGA/AE_project/AE_project.gen/sources_1/ip/ddr3/ddr3/user_design/rtl/phy/mig_7series_v4_2_ddr_phy_top.v" into library xil_defaultlib
INFO: [VRFC 10-311] analyzing module mig_7series_v4_2_ddr_phy_top
INFO: [VRFC 10-2263] Analyzing Verilog file "E:/AE_project/FPGA/AE_project/AE_project.gen/sources_1/ip/ddr3/ddr3/user_design/rtl/phy/mig_7series_v4_2_ddr_phy_wrcal.v" into library xil_defaultlib
INFO: [VRFC 10-311] analyzing module mig_7series_v4_2_ddr_phy_wrcal
INFO: [VRFC 10-2263] Analyzing Verilog file "E:/AE_project/FPGA/AE_project/AE_project.gen/sources_1/ip/ddr3/ddr3/user_design/rtl/phy/mig_7series_v4_2_ddr_phy_wrlvl.v" into library xil_defaultlib
INFO: [VRFC 10-311] analyzing module mig_7series_v4_2_ddr_phy_wrlvl
INFO: [VRFC 10-2263] Analyzing Verilog file "E:/AE_project/FPGA/AE_project/AE_project.gen/sources_1/ip/ddr3/ddr3/user_design/rtl/phy/mig_7series_v4_2_ddr_phy_wrlvl_off_delay.v" into library xil_defaultlib
INFO: [VRFC 10-311] analyzing module mig_7series_v4_2_ddr_phy_wrlvl_off_delay
INFO: [VRFC 10-2263] Analyzing Verilog file "E:/AE_project/FPGA/AE_project/AE_project.gen/sources_1/ip/ddr3/ddr3/user_design/rtl/phy/mig_7series_v4_2_ddr_prbs_gen.v" into library xil_defaultlib
INFO: [VRFC 10-311] analyzing module mig_7series_v4_2_ddr_prbs_gen
INFO: [VRFC 10-2263] Analyzing Verilog file "E:/AE_project/FPGA/AE_project/AE_project.gen/sources_1/ip/ddr3/ddr3/user_design/rtl/phy/mig_7series_v4_2_ddr_skip_calib_tap.v" into library xil_defaultlib
INFO: [VRFC 10-311] analyzing module mig_7series_v4_2_ddr_skip_calib_tap
INFO: [VRFC 10-2263] Analyzing Verilog file "E:/AE_project/FPGA/AE_project/AE_project.gen/sources_1/ip/ddr3/ddr3/user_design/rtl/phy/mig_7series_v4_2_poc_cc.v" into library xil_defaultlib
INFO: [VRFC 10-311] analyzing module mig_7series_v4_2_poc_cc
INFO: [VRFC 10-2263] Analyzing Verilog file "E:/AE_project/FPGA/AE_project/AE_project.gen/sources_1/ip/ddr3/ddr3/user_design/rtl/phy/mig_7series_v4_2_poc_edge_store.v" into library xil_defaultlib
INFO: [VRFC 10-311] analyzing module mig_7series_v4_2_poc_edge_store
INFO: [VRFC 10-2263] Analyzing Verilog file "E:/AE_project/FPGA/AE_project/AE_project.gen/sources_1/ip/ddr3/ddr3/user_design/rtl/phy/mig_7series_v4_2_poc_meta.v" into library xil_defaultlib
INFO: [VRFC 10-311] analyzing module mig_7series_v4_2_poc_meta
INFO: [VRFC 10-2263] Analyzing Verilog file "E:/AE_project/FPGA/AE_project/AE_project.gen/sources_1/ip/ddr3/ddr3/user_design/rtl/phy/mig_7series_v4_2_poc_pd.v" into library xil_defaultlib
INFO: [VRFC 10-311] analyzing module mig_7series_v4_2_poc_pd
INFO: [VRFC 10-2263] Analyzing Verilog file "E:/AE_project/FPGA/AE_project/AE_project.gen/sources_1/ip/ddr3/ddr3/user_design/rtl/phy/mig_7series_v4_2_poc_tap_base.v" into library xil_defaultlib
INFO: [VRFC 10-311] analyzing module mig_7series_v4_2_poc_tap_base
INFO: [VRFC 10-2263] Analyzing Verilog file "E:/AE_project/FPGA/AE_project/AE_project.gen/sources_1/ip/ddr3/ddr3/user_design/rtl/phy/mig_7series_v4_2_poc_top.v" into library xil_defaultlib
INFO: [VRFC 10-311] analyzing module mig_7series_v4_2_poc_top
INFO: [VRFC 10-2263] Analyzing Verilog file "E:/AE_project/FPGA/AE_project/AE_project.gen/sources_1/ip/ddr3/ddr3/user_design/rtl/ui/mig_7series_v4_2_ui_cmd.v" into library xil_defaultlib
INFO: [VRFC 10-311] analyzing module mig_7series_v4_2_ui_cmd
INFO: [VRFC 10-2263] Analyzing Verilog file "E:/AE_project/FPGA/AE_project/AE_project.gen/sources_1/ip/ddr3/ddr3/user_design/rtl/ui/mig_7series_v4_2_ui_rd_data.v" into library xil_defaultlib
INFO: [VRFC 10-311] analyzing module mig_7series_v4_2_ui_rd_data
INFO: [VRFC 10-2263] Analyzing Verilog file "E:/AE_project/FPGA/AE_project/AE_project.gen/sources_1/ip/ddr3/ddr3/user_design/rtl/ui/mig_7series_v4_2_ui_top.v" into library xil_defaultlib
INFO: [VRFC 10-311] analyzing module mig_7series_v4_2_ui_top
INFO: [VRFC 10-2263] Analyzing Verilog file "E:/AE_project/FPGA/AE_project/AE_project.gen/sources_1/ip/ddr3/ddr3/user_design/rtl/ui/mig_7series_v4_2_ui_wr_data.v" into library xil_defaultlib
INFO: [VRFC 10-311] analyzing module mig_7series_v4_2_ui_wr_data
INFO: [VRFC 10-2263] Analyzing Verilog file "E:/AE_project/FPGA/AE_project/AE_project.gen/sources_1/ip/ddr3/ddr3/user_design/rtl/ddr3_mig_sim.v" into library xil_defaultlib
INFO: [VRFC 10-311] analyzing module ddr3_mig
INFO: [VRFC 10-2458] undeclared symbol dbg_sel_po_incdec, assumed default net type wire [E:/AE_project/FPGA/AE_project/AE_project.gen/sources_1/ip/ddr3/ddr3/user_design/rtl/ddr3_mig_sim.v:1223]
INFO: [VRFC 10-2458] undeclared symbol dbg_po_f_inc, assumed default net type wire [E:/AE_project/FPGA/AE_project/AE_project.gen/sources_1/ip/ddr3/ddr3/user_design/rtl/ddr3_mig_sim.v:1227]
INFO: [VRFC 10-2458] undeclared symbol dbg_po_f_stg23_sel, assumed default net type wire [E:/AE_project/FPGA/AE_project/AE_project.gen/sources_1/ip/ddr3/ddr3/user_design/rtl/ddr3_mig_sim.v:1228]
INFO: [VRFC 10-2458] undeclared symbol dbg_po_f_dec, assumed default net type wire [E:/AE_project/FPGA/AE_project/AE_project.gen/sources_1/ip/ddr3/ddr3/user_design/rtl/ddr3_mig_sim.v:1229]
INFO: [VRFC 10-2263] Analyzing Verilog file "E:/AE_project/FPGA/AE_project/AE_project.gen/sources_1/ip/ddr3/ddr3/user_design/rtl/ddr3.v" into library xil_defaultlib
INFO: [VRFC 10-311] analyzing module ddr3
INFO: [VRFC 10-2263] Analyzing Verilog file "E:/AE_project/FPGA/AE_project/AE_project.gen/sources_1/ip/ae_frame_bank_bram/sim/ae_frame_bank_bram.v" into library xil_defaultlib
INFO: [VRFC 10-311] analyzing module ae_frame_bank_bram
INFO: [VRFC 10-2263] Analyzing Verilog file "E:/AE_project/FPGA/AE_project/AE_project.gen/sources_1/ip/ae_live_ring_bram/sim/ae_live_ring_bram.v" into library xil_defaultlib
INFO: [VRFC 10-311] analyzing module ae_live_ring_bram
INFO: [VRFC 10-2263] Analyzing Verilog file "E:/AE_project/FPGA/AE_project/AE_project.gen/sources_1/ip/ae_desc_fifo_ip/sim/ae_desc_fifo_ip.v" into library xil_defaultlib
INFO: [VRFC 10-311] analyzing module ae_desc_fifo_ip
INFO: [VRFC 10-2263] Analyzing Verilog file "E:/AE_project/FPGA/AE_project/AE_project.gen/sources_1/ip/system_clk_module/system_clk_module_clk_wiz.v" into library xil_defaultlib
INFO: [VRFC 10-311] analyzing module system_clk_module_clk_wiz
INFO: [VRFC 10-2263] Analyzing Verilog file "E:/AE_project/FPGA/AE_project/AE_project.gen/sources_1/ip/system_clk_module/system_clk_module.v" into library xil_defaultlib
INFO: [VRFC 10-311] analyzing module system_clk_module
INFO: [VRFC 10-2263] Analyzing Verilog file "E:/AE_project/FPGA/AE_project/AE_project.gen/sources_1/ip/sys_clk_200M/sys_clk_200M_clk_wiz.v" into library xil_defaultlib
INFO: [VRFC 10-311] analyzing module sys_clk_200M_clk_wiz
INFO: [VRFC 10-2263] Analyzing Verilog file "E:/AE_project/FPGA/AE_project/AE_project.gen/sources_1/ip/sys_clk_200M/sys_clk_200M.v" into library xil_defaultlib
INFO: [VRFC 10-311] analyzing module sys_clk_200M
INFO: [VRFC 10-2263] Analyzing Verilog file "E:/AE_project/FPGA/AE_project/AE_project.srcs/sources_1/new/ae_data_process/adc_data_preprocess.v" into library xil_defaultlib
INFO: [VRFC 10-311] analyzing module adc_data_preprocess
INFO: [VRFC 10-2263] Analyzing Verilog file "E:/AE_project/FPGA/AE_project/AE_project.srcs/sources_1/new/ae_data_process/adc_data_sync.v" into library xil_defaultlib
INFO: [VRFC 10-311] analyzing module adc_data_sync
INFO: [VRFC 10-2263] Analyzing Verilog file "E:/AE_project/FPGA/AE_project/AE_project.srcs/sources_1/new/ae_data_process/adc_drive.v" into library xil_defaultlib
INFO: [VRFC 10-311] analyzing module adc_drive
INFO: [VRFC 10-2263] Analyzing Verilog file "E:/AE_project/FPGA/AE_project/AE_project.srcs/sources_1/new/ae_data_process/adc_filter_8ch.v" into library xil_defaultlib
INFO: [VRFC 10-311] analyzing module adc_filter_8ch
INFO: [VRFC 10-2263] Analyzing Verilog file "E:/AE_project/FPGA/AE_project/AE_project.srcs/sources_1/new/ae_data_process/adc_filter_adc14_to_s16.v" into library xil_defaultlib
INFO: [VRFC 10-311] analyzing module adc_filter_adc14_to_s16
INFO: [VRFC 10-2263] Analyzing Verilog file "E:/AE_project/FPGA/AE_project/AE_project.srcs/sources_1/new/ae_data_process/adc_filter_chain.v" into library xil_defaultlib
INFO: [VRFC 10-311] analyzing module adc_filter_chain
INFO: [VRFC 10-2263] Analyzing Verilog file "E:/AE_project/FPGA/AE_project/AE_project.srcs/sources_1/new/ae_data_process/adc_filter_channel.v" into library xil_defaultlib
INFO: [VRFC 10-311] analyzing module adc_filter_channel
INFO: [VRFC 10-2263] Analyzing Verilog file "E:/AE_project/FPGA/AE_project/AE_project.srcs/sources_1/new/ae_data_process/adc_filter_fir_500k_lp_wrap.v" into library xil_defaultlib
INFO: [VRFC 10-311] analyzing module adc_filter_fir_500k_lp_wrap
INFO: [VRFC 10-2263] Analyzing Verilog file "E:/AE_project/FPGA/AE_project/AE_project.srcs/sources_1/new/ae_data_process/adc_filter_iir_biquad_q2_30.v" into library xil_defaultlib
INFO: [VRFC 10-311] analyzing module adc_filter_iir_biquad_q2_30
INFO: [VRFC 10-2263] Analyzing Verilog file "E:/AE_project/FPGA/AE_project/AE_project.srcs/sources_1/new/ae_data_process/adc_filter_iir_hp4_10k_40m.v" into library xil_defaultlib
INFO: [VRFC 10-311] analyzing module adc_filter_iir_hp4_10k_40m
INFO: [VRFC 10-2263] Analyzing Verilog file "E:/AE_project/FPGA/AE_project/AE_project.srcs/sources_1/new/ae_event_capture/ae_adc_data_downsampler.v" into library xil_defaultlib
INFO: [VRFC 10-311] analyzing module adc_data_downsampler
INFO: [VRFC 10-311] analyzing module ae_adc_data_downsampler
INFO: [VRFC 10-2263] Analyzing Verilog file "E:/AE_project/FPGA/AE_project/AE_project.srcs/sources_1/new/ae_event_capture/ae_axis_stream_ctrl.v" into library xil_defaultlib
INFO: [VRFC 10-311] analyzing module ae_axis_stream_ctrl
INFO: [VRFC 10-2263] Analyzing Verilog file "E:/AE_project/FPGA/AE_project/AE_project.srcs/sources_1/new/ae_event_capture/ae_cap_ctrl.v" into library xil_defaultlib
INFO: [VRFC 10-311] analyzing module ae_cap_ctrl
INFO: [VRFC 10-2263] Analyzing Verilog file "E:/AE_project/FPGA/AE_project/AE_project.srcs/sources_1/new/ae_event_capture/ae_copy_ctrl.v" into library xil_defaultlib
INFO: [VRFC 10-311] analyzing module ae_copy_ctrl
INFO: [VRFC 10-2263] Analyzing Verilog file "E:/AE_project/FPGA/AE_project/AE_project.srcs/sources_1/new/ae_ddr/ae_ddr_axi_mem_model.v" into library xil_defaultlib
INFO: [VRFC 10-311] analyzing module ae_ddr_axi_mem_model
INFO: [VRFC 10-2263] Analyzing Verilog file "E:/AE_project/FPGA/AE_project/AE_project.srcs/sources_1/new/ae_ddr/ae_ddr_axi_reader.v" into library xil_defaultlib
INFO: [VRFC 10-311] analyzing module ae_ddr_axi_reader
INFO: [VRFC 10-2263] Analyzing Verilog file "E:/AE_project/FPGA/AE_project/AE_project.srcs/sources_1/new/ae_ddr/ae_ddr_axi_writer.v" into library xil_defaultlib
INFO: [VRFC 10-311] analyzing module ae_ddr_axi_writer
INFO: [VRFC 10-2263] Analyzing Verilog file "E:/AE_project/FPGA/AE_project/AE_project.srcs/sources_1/new/ae_ddr/ae_ddr_axis_event_buffer.v" into library xil_defaultlib
INFO: [VRFC 10-311] analyzing module ae_ddr_axis_event_buffer
INFO: [VRFC 10-2263] Analyzing Verilog file "E:/AE_project/FPGA/AE_project/AE_project.srcs/sources_1/new/ae_ddr/ae_ddr_event_buffer.v" into library xil_defaultlib
INFO: [VRFC 10-311] analyzing module ae_ddr_event_buffer
INFO: [VRFC 10-2263] Analyzing Verilog file "E:/AE_project/FPGA/AE_project/AE_project.srcs/sources_1/new/ae_event_capture/ae_event_capture.v" into library xil_defaultlib
INFO: [VRFC 10-311] analyzing module ae_event_capture
INFO: [VRFC 10-2263] Analyzing Verilog file "E:/AE_project/FPGA/AE_project/AE_project.srcs/sources_1/new/ae_ddr/ae_event_desc_table.v" into library xil_defaultlib
INFO: [VRFC 10-311] analyzing module ae_event_desc_table
INFO: [VRFC 10-2263] Analyzing Verilog file "E:/AE_project/FPGA/AE_project/AE_project.srcs/sources_1/new/ae_ddr/ae_event_header_gen.v" into library xil_defaultlib
INFO: [VRFC 10-311] analyzing module ae_event_header_gen
INFO: [VRFC 10-2263] Analyzing Verilog file "E:/AE_project/FPGA/AE_project/AE_project.srcs/sources_1/new/ae_ddr/ae_event_ingress.v" into library xil_defaultlib
INFO: [VRFC 10-311] analyzing module ae_event_ingress
INFO: [VRFC 10-2263] Analyzing Verilog file "E:/AE_project/FPGA/AE_project/AE_project.srcs/sources_1/new/ae_event_capture/ae_pulse_sync_toggle.v" into library xil_defaultlib
INFO: [VRFC 10-311] analyzing module ae_pulse_sync_toggle
INFO: [VRFC 10-2263] Analyzing Verilog file "E:/AE_project/FPGA/AE_project/AE_project.srcs/sources_1/new/ae_event_capture/ae_trigger_detect.v" into library xil_defaultlib
INFO: [VRFC 10-311] analyzing module ae_trigger_detect
INFO: [VRFC 10-2263] Analyzing Verilog file "E:/AE_project/FPGA/AE_project/AE_project.srcs/sources_1/new/ae_event_capture/ae_udp_cfg_sync.v" into library xil_defaultlib
INFO: [VRFC 10-311] analyzing module ae_udp_cfg_sync
INFO: [VRFC 10-2263] Analyzing Verilog file "E:/AE_project/FPGA/AE_project/AE_project.srcs/sources_1/new/aht20_driver.v" into library xil_defaultlib
INFO: [VRFC 10-311] analyzing module aht20_driver
INFO: [VRFC 10-2263] Analyzing Verilog file "E:/AE_project/FPGA/AE_project/AE_project.srcs/sources_1/new/eth/crc32_d8.v" into library xil_defaultlib
INFO: [VRFC 10-311] analyzing module crc32_d8
INFO: [VRFC 10-2263] Analyzing Verilog file "E:/AE_project/FPGA/AE_project/AE_project.srcs/sources_1/new/ds18b20_driver.v" into library xil_defaultlib
INFO: [VRFC 10-311] analyzing module ds18b20_driver
INFO: [VRFC 10-2263] Analyzing Verilog file "E:/AE_project/FPGA/AE_project/AE_project.srcs/sources_1/new/eth/eth_reset.v" into library xil_defaultlib
INFO: [VRFC 10-311] analyzing module eth_reset
INFO: [VRFC 10-2263] Analyzing Verilog file "E:/AE_project/FPGA/AE_project/AE_project.srcs/sources_1/new/event_time_keeper.v" into library xil_defaultlib
INFO: [VRFC 10-311] analyzing module event_time_keeper
INFO: [VRFC 10-2263] Analyzing Verilog file "E:/AE_project/FPGA/AE_project/AE_project.srcs/sources_1/new/ae_data_process/get_adc_data.v" into library xil_defaultlib
INFO: [VRFC 10-311] analyzing module get_adc_data
INFO: [VRFC 10-2263] Analyzing Verilog file "E:/AE_project/FPGA/AE_project/AE_project.srcs/sources_1/new/eth/gmii_to_rgmii.v" into library xil_defaultlib
INFO: [VRFC 10-311] analyzing module gmii_to_rgmii
INFO: [VRFC 10-2263] Analyzing Verilog file "E:/AE_project/FPGA/AE_project/AE_project.srcs/sources_1/new/i2c_byte_ctrl.v" into library xil_defaultlib
INFO: [VRFC 10-311] analyzing module i2c_byte_ctrl
INFO: [VRFC 10-2263] Analyzing Verilog file "E:/AE_project/FPGA/AE_project/AE_project.srcs/sources_1/new/ae_data_process/iserdes.v" into library xil_defaultlib
INFO: [VRFC 10-311] analyzing module iserdes
INFO: [VRFC 10-2263] Analyzing Verilog file "E:/AE_project/FPGA/AE_project/AE_project.srcs/sources_1/new/lsm6ds3tr_driver.v" into library xil_defaultlib
INFO: [VRFC 10-311] analyzing module lsm6ds3tr_driver
INFO: [VRFC 10-2263] Analyzing Verilog file "E:/AE_project/FPGA/AE_project/AE_project.srcs/sources_1/new/onewire_byte_ctrl.v" into library xil_defaultlib
INFO: [VRFC 10-311] analyzing module onewire_byte_ctrl
INFO: [VRFC 10-2263] Analyzing Verilog file "E:/AE_project/FPGA/AE_project/AE_project.srcs/sources_1/new/pulse_ctrl.v" into library xil_defaultlib
INFO: [VRFC 10-311] analyzing module pulse_ctrl
INFO: [VRFC 10-2263] Analyzing Verilog file "E:/AE_project/FPGA/AE_project/AE_project.srcs/sources_1/new/eth/rgmii_rx.v" into library xil_defaultlib
INFO: [VRFC 10-311] analyzing module rgmii_rx
INFO: [VRFC 10-2263] Analyzing Verilog file "E:/AE_project/FPGA/AE_project/AE_project.srcs/sources_1/new/eth/rgmii_tx.v" into library xil_defaultlib
INFO: [VRFC 10-311] analyzing module rgmii_tx
INFO: [VRFC 10-2263] Analyzing Verilog file "E:/AE_project/FPGA/AE_project/AE_project.srcs/sources_1/new/sensor.v" into library xil_defaultlib
INFO: [VRFC 10-311] analyzing module sensor
INFO: [VRFC 10-2263] Analyzing Verilog file "E:/AE_project/FPGA/AE_project/AE_project.srcs/sources_1/new/top.v" into library xil_defaultlib
INFO: [VRFC 10-311] analyzing module top
INFO: [VRFC 10-2263] Analyzing Verilog file "E:/AE_project/FPGA/AE_project/AE_project.srcs/sources_1/new/eth/udp.v" into library xil_defaultlib
INFO: [VRFC 10-311] analyzing module udp
INFO: [VRFC 10-2263] Analyzing Verilog file "E:/AE_project/FPGA/AE_project/AE_project.srcs/sources_1/new/udp_event_sensor_tx.v" into library xil_defaultlib
INFO: [VRFC 10-311] analyzing module udp_event_sensor_tx
INFO: [VRFC 10-2263] Analyzing Verilog file "E:/AE_project/FPGA/AE_project/AE_project.srcs/sources_1/new/udp_rec_decode.v" into library xil_defaultlib
INFO: [VRFC 10-311] analyzing module udp_rec_decode
INFO: [VRFC 10-2263] Analyzing Verilog file "E:/AE_project/FPGA/AE_project/AE_project.srcs/sources_1/new/eth/udp_rx.v" into library xil_defaultlib
INFO: [VRFC 10-311] analyzing module udp_rx
INFO: [VRFC 10-2263] Analyzing Verilog file "E:/AE_project/FPGA/AE_project/AE_project.srcs/sources_1/new/eth/udp_tx.v" into library xil_defaultlib
INFO: [VRFC 10-311] analyzing module udp_tx
INFO: [VRFC 10-2263] Analyzing Verilog file "E:/AE_project/FPGA/AE_project/AE_project.srcs/sim_1/new/tb_top_smoke.v" into library xil_defaultlib
INFO: [VRFC 10-311] analyzing module tb_top_smoke
