Copyright 1986-2020 Xilinx, Inc. All Rights Reserved.
-------------------------------------------------------------------------------------------------------------------------------
| Tool Version     : Vivado v.2020.2 (win64) Build 3064766 Wed Nov 18 09:12:45 MST 2020
| Date             : Thu May 21 11:08:29 2026
| Host             : Adam running 64-bit major release  (build 9200)
| Command          : report_power -file top_power_routed.rpt -pb top_power_summary_routed.pb -rpx top_power_routed.rpx
| Design           : top
| Device           : xc7a200tfbg484-2
| Design State     : routed
| Grade            : commercial
| Process          : typical
| Characterization : Production
-------------------------------------------------------------------------------------------------------------------------------

Power Report

Table of Contents
-----------------
1. Summary
1.1 On-Chip Components
1.2 Power Supply Summary
1.3 Confidence Level
2. Settings
2.1 Environment
2.2 Clock Constraints
3. Detailed Reports
3.1 By Hierarchy

1. Summary
----------

+--------------------------+--------------+
| Total On-Chip Power (W)  | 2.353        |
| Design Power Budget (W)  | Unspecified* |
| Power Budget Margin (W)  | NA           |
| Dynamic (W)              | 2.173        |
| Device Static (W)        | 0.180        |
| Effective TJA (C/W)      | 2.5          |
| Max Ambient (C)          | 79.2         |
| Junction Temperature (C) | 30.8         |
| Confidence Level         | Low          |
| Setting File             | ---          |
| Simulation Activity File | ---          |
| Design Nets Matched      | NA           |
+--------------------------+--------------+
* Specify Design Power Budget using, set_operating_conditions -design_power_budget <value in Watts>


1.1 On-Chip Components
----------------------

+--------------------------+-----------+----------+-----------+-----------------+
| On-Chip                  | Power (W) | Used     | Available | Utilization (%) |
+--------------------------+-----------+----------+-----------+-----------------+
| Clocks                   |     0.207 |       50 |       --- |             --- |
| Slice Logic              |     0.053 |   115188 |       --- |             --- |
|   LUT as Logic           |     0.045 |    25525 |    133800 |           19.08 |
|   CARRY4                 |     0.005 |     2645 |     33450 |            7.91 |
|   Register               |     0.002 |    63548 |    267600 |           23.75 |
|   LUT as Distributed RAM |    <0.001 |      920 |     46200 |            1.99 |
|   F7/F8 Muxes            |    <0.001 |      511 |    133800 |            0.38 |
|   LUT as Shift Register  |    <0.001 |     6298 |     46200 |           13.63 |
|   Others                 |    <0.001 |     4592 |       --- |             --- |
| Signals                  |     0.057 |   112148 |       --- |             --- |
| Block RAM                |     0.084 |    251.5 |       365 |           68.90 |
| MMCM                     |     0.693 |        6 |        10 |           60.00 |
| PLL                      |     0.094 |        1 |        10 |           10.00 |
| DSPs                     |    <0.001 |      513 |       740 |           69.32 |
| I/O                      |     0.729 |      168 |       285 |           58.95 |
| PHASER                   |     0.250 |       26 |       --- |             --- |
| XADC                     |     0.004 |        1 |       --- |             --- |
| Static Power             |     0.180 |          |           |                 |
| Total                    |     2.353 |          |           |                 |
+--------------------------+-----------+----------+-----------+-----------------+


1.2 Power Supply Summary
------------------------

+-----------+-------------+-----------+-------------+------------+-------------+-------------+------------+
| Source    | Voltage (V) | Total (A) | Dynamic (A) | Static (A) | Powerup (A) | Budget (A)  | Margin (A) |
+-----------+-------------+-----------+-------------+------------+-------------+-------------+------------+
| Vccint    |       1.000 |     0.530 |       0.486 |      0.044 |       NA    | Unspecified | NA         |
| Vccaux    |       1.800 |     0.697 |       0.666 |      0.031 |       NA    | Unspecified | NA         |
| Vcco33    |       3.300 |     0.010 |       0.005 |      0.005 |       NA    | Unspecified | NA         |
| Vcco25    |       2.500 |     0.059 |       0.054 |      0.005 |       NA    | Unspecified | NA         |
| Vcco18    |       1.800 |     0.000 |       0.000 |      0.000 |       NA    | Unspecified | NA         |
| Vcco15    |       1.500 |     0.222 |       0.217 |      0.005 |       NA    | Unspecified | NA         |
| Vcco135   |       1.350 |     0.000 |       0.000 |      0.000 |       NA    | Unspecified | NA         |
| Vcco12    |       1.200 |     0.000 |       0.000 |      0.000 |       NA    | Unspecified | NA         |
| Vccaux_io |       1.800 |     0.000 |       0.000 |      0.000 |       NA    | Unspecified | NA         |
| Vccbram   |       1.000 |     0.014 |       0.007 |      0.008 |       NA    | Unspecified | NA         |
| MGTAVcc   |       1.000 |     0.000 |       0.000 |      0.000 |       NA    | Unspecified | NA         |
| MGTAVtt   |       1.200 |     0.000 |       0.000 |      0.000 |       NA    | Unspecified | NA         |
| Vccadc    |       1.800 |     0.022 |       0.002 |      0.020 |       NA    | Unspecified | NA         |
+-----------+-------------+-----------+-------------+------------+-------------+-------------+------------+


1.3 Confidence Level
--------------------

+-----------------------------+------------+--------------------------------------------------------+------------------------------------------------------------------------------------------------------------+
| User Input Data             | Confidence | Details                                                | Action                                                                                                     |
+-----------------------------+------------+--------------------------------------------------------+------------------------------------------------------------------------------------------------------------+
| Design implementation state | High       | Design is routed                                       |                                                                                                            |
| Clock nodes activity        | High       | User specified more than 95% of clocks                 |                                                                                                            |
| I/O nodes activity          | Low        | More than 75% of inputs are missing user specification | Provide missing input activity with simulation results or by editing the "By Resource Type -> I/Os" view   |
| Internal nodes activity     | Medium     | User specified less than 25% of internal nodes         | Provide missing internal nodes activity with simulation results or by editing the "By Resource Type" views |
| Device models               | High       | Device models are Production                           |                                                                                                            |
|                             |            |                                                        |                                                                                                            |
| Overall confidence level    | Low        |                                                        |                                                                                                            |
+-----------------------------+------------+--------------------------------------------------------+------------------------------------------------------------------------------------------------------------+


2. Settings
-----------

2.1 Environment
---------------

+-----------------------+--------------------------+
| Ambient Temp (C)      | 25.0                     |
| ThetaJA (C/W)         | 2.5                      |
| Airflow (LFM)         | 250                      |
| Heat Sink             | medium (Medium Profile)  |
| ThetaSA (C/W)         | 4.2                      |
| Board Selection       | medium (10"x10")         |
| # of Board Layers     | 12to15 (12 to 15 Layers) |
| Board Temperature (C) | 25.0                     |
+-----------------------+--------------------------+


2.2 Clock Constraints
---------------------

+-----------------------------------------------------------------------------------------------------------------------------------------------------------+-------------------------------------------------------------------------------------------------------------------------------------------------------------------------------------------------------------------------------------------------------+-----------------+
| Clock                                                                                                                                                     | Domain                                                                                                                                                                                                                                                | Constraint (ns) |
+-----------------------------------------------------------------------------------------------------------------------------------------------------------+-------------------------------------------------------------------------------------------------------------------------------------------------------------------------------------------------------------------------------------------------------+-----------------+
| adc1_dclk_p                                                                                                                                               | adc1_dclk_p                                                                                                                                                                                                                                           |             3.6 |
| adc2_dclk_p                                                                                                                                               | adc2_dclk_p                                                                                                                                                                                                                                           |             3.6 |
| adc_clk_system_clk_module                                                                                                                                 | system_clk_module_inst/inst/adc_clk_system_clk_module                                                                                                                                                                                                 |            25.0 |
| adc_dclk_in_adc_dclk_in                                                                                                                                   | adc_data_preprocess_inst/get_adc_data_inst1/adc_dclk_in_inst/inst/adc_dclk_in_adc_dclk_in                                                                                                                                                             |             3.6 |
| adc_dclk_in_adc_dclk_in_1                                                                                                                                 | adc_data_preprocess_inst/get_adc_data_inst2/adc_dclk_in_inst/inst/adc_dclk_in_adc_dclk_in                                                                                                                                                             |             3.6 |
| adc_divclk_adc_dclk_in                                                                                                                                    | adc_data_preprocess_inst/get_adc_data_inst1/adc_dclk_in_inst/inst/adc_divclk_adc_dclk_in                                                                                                                                                              |            25.0 |
| adc_divclk_adc_dclk_in_1                                                                                                                                  | adc_data_preprocess_inst/get_adc_data_inst2/adc_dclk_in_inst/inst/adc_divclk_adc_dclk_in                                                                                                                                                              |            25.0 |
| ae_ddr_clk_ddr_clk_gen_400M                                                                                                                               | ae_ddr_clk_400M_inst/inst/ae_ddr_clk_ddr_clk_gen_400M                                                                                                                                                                                                 |             2.5 |
| clk_125M_system_clk_module                                                                                                                                | system_clk_module_inst/inst/clk_125M_system_clk_module                                                                                                                                                                                                |             8.0 |
| clk_pll_i                                                                                                                                                 | ae_ddr_axis_event_buffer_inst/u_ae_ddr_event_buffer/gen_mig_ddr3.u_ddr3/u_ddr3_mig/u_ddr3_infrastructure/clk_pll_i                                                                                                                                    |            10.0 |
| clkfbout_adc_dclk_in                                                                                                                                      | adc_data_preprocess_inst/get_adc_data_inst1/adc_dclk_in_inst/inst/clkfbout_adc_dclk_in                                                                                                                                                                |             3.6 |
| clkfbout_adc_dclk_in_1                                                                                                                                    | adc_data_preprocess_inst/get_adc_data_inst2/adc_dclk_in_inst/inst/clkfbout_adc_dclk_in                                                                                                                                                                |             3.6 |
| clkfbout_ddr_clk_gen_400M                                                                                                                                 | ae_ddr_clk_400M_inst/inst/clkfbout_ddr_clk_gen_400M                                                                                                                                                                                                   |             5.0 |
| clkfbout_system_clk_module                                                                                                                                | system_clk_module_inst/inst/clkfbout_system_clk_module                                                                                                                                                                                                |             5.0 |
| eth_clk_system_clk_module                                                                                                                                 | system_clk_module_inst/inst/eth_clk_system_clk_module                                                                                                                                                                                                 |             5.0 |
| eth_rxc                                                                                                                                                   | eth_rxc                                                                                                                                                                                                                                               |             8.0 |
| freq_refclk                                                                                                                                               | ae_ddr_axis_event_buffer_inst/u_ae_ddr_event_buffer/gen_mig_ddr3.u_ddr3/u_ddr3_mig/u_ddr3_infrastructure/freq_refclk                                                                                                                                  |             1.3 |
| iserdes_clkdiv                                                                                                                                            | ae_ddr_axis_event_buffer_inst/u_ae_ddr_event_buffer/gen_mig_ddr3.u_ddr3/u_ddr3_mig/u_memc_ui_top_axi/mem_intfc0/ddr_phy_top0/u_ddr_mc_phy_wrapper/u_ddr_mc_phy/ddr_phy_4lanes_0.u_ddr_phy_4lanes/ddr_byte_lane_A.ddr_byte_lane_A/iserdes_clkdiv       |            10.0 |
| iserdes_clkdiv_1                                                                                                                                          | ae_ddr_axis_event_buffer_inst/u_ae_ddr_event_buffer/gen_mig_ddr3.u_ddr3/u_ddr3_mig/u_memc_ui_top_axi/mem_intfc0/ddr_phy_top0/u_ddr_mc_phy_wrapper/u_ddr_mc_phy/ddr_phy_4lanes_0.u_ddr_phy_4lanes/ddr_byte_lane_B.ddr_byte_lane_B/iserdes_clkdiv       |            10.0 |
| iserdes_clkdiv_2                                                                                                                                          | ae_ddr_axis_event_buffer_inst/u_ae_ddr_event_buffer/gen_mig_ddr3.u_ddr3/u_ddr3_mig/u_memc_ui_top_axi/mem_intfc0/ddr_phy_top0/u_ddr_mc_phy_wrapper/u_ddr_mc_phy/ddr_phy_4lanes_0.u_ddr_phy_4lanes/ddr_byte_lane_C.ddr_byte_lane_C/iserdes_clkdiv       |            10.0 |
| iserdes_clkdiv_3                                                                                                                                          | ae_ddr_axis_event_buffer_inst/u_ae_ddr_event_buffer/gen_mig_ddr3.u_ddr3/u_ddr3_mig/u_memc_ui_top_axi/mem_intfc0/ddr_phy_top0/u_ddr_mc_phy_wrapper/u_ddr_mc_phy/ddr_phy_4lanes_0.u_ddr_phy_4lanes/ddr_byte_lane_D.ddr_byte_lane_D/iserdes_clkdiv       |            10.0 |
| mem_refclk                                                                                                                                                | ae_ddr_axis_event_buffer_inst/u_ae_ddr_event_buffer/gen_mig_ddr3.u_ddr3/u_ddr3_mig/u_ddr3_infrastructure/mem_refclk                                                                                                                                   |             2.5 |
| oserdes_clk                                                                                                                                               | ae_ddr_axis_event_buffer_inst/u_ae_ddr_event_buffer/gen_mig_ddr3.u_ddr3/u_ddr3_mig/u_memc_ui_top_axi/mem_intfc0/ddr_phy_top0/u_ddr_mc_phy_wrapper/u_ddr_mc_phy/ddr_phy_4lanes_0.u_ddr_phy_4lanes/ddr_byte_lane_A.ddr_byte_lane_A/oserdes_clk          |             2.5 |
| oserdes_clk_1                                                                                                                                             | ae_ddr_axis_event_buffer_inst/u_ae_ddr_event_buffer/gen_mig_ddr3.u_ddr3/u_ddr3_mig/u_memc_ui_top_axi/mem_intfc0/ddr_phy_top0/u_ddr_mc_phy_wrapper/u_ddr_mc_phy/ddr_phy_4lanes_0.u_ddr_phy_4lanes/ddr_byte_lane_B.ddr_byte_lane_B/oserdes_clk          |             2.5 |
| oserdes_clk_2                                                                                                                                             | ae_ddr_axis_event_buffer_inst/u_ae_ddr_event_buffer/gen_mig_ddr3.u_ddr3/u_ddr3_mig/u_memc_ui_top_axi/mem_intfc0/ddr_phy_top0/u_ddr_mc_phy_wrapper/u_ddr_mc_phy/ddr_phy_4lanes_0.u_ddr_phy_4lanes/ddr_byte_lane_C.ddr_byte_lane_C/oserdes_clk          |             2.5 |
| oserdes_clk_3                                                                                                                                             | ae_ddr_axis_event_buffer_inst/u_ae_ddr_event_buffer/gen_mig_ddr3.u_ddr3/u_ddr3_mig/u_memc_ui_top_axi/mem_intfc0/ddr_phy_top0/u_ddr_mc_phy_wrapper/u_ddr_mc_phy/ddr_phy_4lanes_0.u_ddr_phy_4lanes/ddr_byte_lane_D.ddr_byte_lane_D/oserdes_clk          |             2.5 |
| oserdes_clk_4                                                                                                                                             | ae_ddr_axis_event_buffer_inst/u_ae_ddr_event_buffer/gen_mig_ddr3.u_ddr3/u_ddr3_mig/u_memc_ui_top_axi/mem_intfc0/ddr_phy_top0/u_ddr_mc_phy_wrapper/u_ddr_mc_phy/ddr_phy_4lanes_1.u_ddr_phy_4lanes/ddr_byte_lane_B.ddr_byte_lane_B/oserdes_clk          |             2.5 |
| oserdes_clk_5                                                                                                                                             | ae_ddr_axis_event_buffer_inst/u_ae_ddr_event_buffer/gen_mig_ddr3.u_ddr3/u_ddr3_mig/u_memc_ui_top_axi/mem_intfc0/ddr_phy_top0/u_ddr_mc_phy_wrapper/u_ddr_mc_phy/ddr_phy_4lanes_1.u_ddr_phy_4lanes/ddr_byte_lane_C.ddr_byte_lane_C/oserdes_clk          |             2.5 |
| oserdes_clk_6                                                                                                                                             | ae_ddr_axis_event_buffer_inst/u_ae_ddr_event_buffer/gen_mig_ddr3.u_ddr3/u_ddr3_mig/u_memc_ui_top_axi/mem_intfc0/ddr_phy_top0/u_ddr_mc_phy_wrapper/u_ddr_mc_phy/ddr_phy_4lanes_1.u_ddr_phy_4lanes/ddr_byte_lane_D.ddr_byte_lane_D/oserdes_clk          |             2.5 |
| oserdes_clkdiv                                                                                                                                            | ae_ddr_axis_event_buffer_inst/u_ae_ddr_event_buffer/gen_mig_ddr3.u_ddr3/u_ddr3_mig/u_memc_ui_top_axi/mem_intfc0/ddr_phy_top0/u_ddr_mc_phy_wrapper/u_ddr_mc_phy/ddr_phy_4lanes_0.u_ddr_phy_4lanes/ddr_byte_lane_A.ddr_byte_lane_A/oserdes_clkdiv       |             5.0 |
| oserdes_clkdiv_1                                                                                                                                          | ae_ddr_axis_event_buffer_inst/u_ae_ddr_event_buffer/gen_mig_ddr3.u_ddr3/u_ddr3_mig/u_memc_ui_top_axi/mem_intfc0/ddr_phy_top0/u_ddr_mc_phy_wrapper/u_ddr_mc_phy/ddr_phy_4lanes_0.u_ddr_phy_4lanes/ddr_byte_lane_B.ddr_byte_lane_B/oserdes_clkdiv       |             5.0 |
| oserdes_clkdiv_2                                                                                                                                          | ae_ddr_axis_event_buffer_inst/u_ae_ddr_event_buffer/gen_mig_ddr3.u_ddr3/u_ddr3_mig/u_memc_ui_top_axi/mem_intfc0/ddr_phy_top0/u_ddr_mc_phy_wrapper/u_ddr_mc_phy/ddr_phy_4lanes_0.u_ddr_phy_4lanes/ddr_byte_lane_C.ddr_byte_lane_C/oserdes_clkdiv       |             5.0 |
| oserdes_clkdiv_3                                                                                                                                          | ae_ddr_axis_event_buffer_inst/u_ae_ddr_event_buffer/gen_mig_ddr3.u_ddr3/u_ddr3_mig/u_memc_ui_top_axi/mem_intfc0/ddr_phy_top0/u_ddr_mc_phy_wrapper/u_ddr_mc_phy/ddr_phy_4lanes_0.u_ddr_phy_4lanes/ddr_byte_lane_D.ddr_byte_lane_D/oserdes_clkdiv       |             5.0 |
| oserdes_clkdiv_4                                                                                                                                          | ae_ddr_axis_event_buffer_inst/u_ae_ddr_event_buffer/gen_mig_ddr3.u_ddr3/u_ddr3_mig/u_memc_ui_top_axi/mem_intfc0/ddr_phy_top0/u_ddr_mc_phy_wrapper/u_ddr_mc_phy/ddr_phy_4lanes_1.u_ddr_phy_4lanes/ddr_byte_lane_B.ddr_byte_lane_B/oserdes_clkdiv       |            10.0 |
| oserdes_clkdiv_5                                                                                                                                          | ae_ddr_axis_event_buffer_inst/u_ae_ddr_event_buffer/gen_mig_ddr3.u_ddr3/u_ddr3_mig/u_memc_ui_top_axi/mem_intfc0/ddr_phy_top0/u_ddr_mc_phy_wrapper/u_ddr_mc_phy/ddr_phy_4lanes_1.u_ddr_phy_4lanes/ddr_byte_lane_C.ddr_byte_lane_C/oserdes_clkdiv       |            10.0 |
| oserdes_clkdiv_6                                                                                                                                          | ae_ddr_axis_event_buffer_inst/u_ae_ddr_event_buffer/gen_mig_ddr3.u_ddr3/u_ddr3_mig/u_memc_ui_top_axi/mem_intfc0/ddr_phy_top0/u_ddr_mc_phy_wrapper/u_ddr_mc_phy/ddr_phy_4lanes_1.u_ddr_phy_4lanes/ddr_byte_lane_D.ddr_byte_lane_D/oserdes_clkdiv       |            10.0 |
| pll_clk3_out                                                                                                                                              | ae_ddr_axis_event_buffer_inst/u_ae_ddr_event_buffer/gen_mig_ddr3.u_ddr3/u_ddr3_mig/u_ddr3_infrastructure/pll_clk3_out                                                                                                                                 |            10.0 |
| pll_clkfbout                                                                                                                                              | ae_ddr_axis_event_buffer_inst/u_ae_ddr_event_buffer/gen_mig_ddr3.u_ddr3/u_ddr3_mig/u_ddr3_infrastructure/pll_clkfbout                                                                                                                                 |             2.5 |
| sync_pulse                                                                                                                                                | ae_ddr_axis_event_buffer_inst/u_ae_ddr_event_buffer/gen_mig_ddr3.u_ddr3/u_ddr3_mig/u_ddr3_infrastructure/sync_pulse                                                                                                                                   |            40.0 |
| sys_clk_p                                                                                                                                                 | sys_clk_p                                                                                                                                                                                                                                             |             5.0 |
| sys_clk_system_clk_module                                                                                                                                 | system_clk_module_inst/inst/sys_clk_system_clk_module                                                                                                                                                                                                 |             5.0 |
| txc_phase90.txc_mmcm_clk                                                                                                                                  | u_gmii_to_rgmii/u_rgmii_tx/txc_phase90.txc_mmcm_clk                                                                                                                                                                                                   |             8.0 |
| txc_phase90.txc_mmcm_fb                                                                                                                                   | u_gmii_to_rgmii/u_rgmii_tx/txc_phase90.txc_mmcm_fb                                                                                                                                                                                                    |             8.0 |
| u_memc_ui_top_axi/mem_intfc0/ddr_phy_top0/u_ddr_mc_phy_wrapper/u_ddr_mc_phy/ddr_phy_4lanes_0.u_ddr_phy_4lanes/ddr_byte_lane_A.ddr_byte_lane_A/iserdes_clk | ae_ddr_axis_event_buffer_inst/u_ae_ddr_event_buffer/gen_mig_ddr3.u_ddr3/u_ddr3_mig/u_memc_ui_top_axi/mem_intfc0/ddr_phy_top0/u_ddr_mc_phy_wrapper/u_ddr_mc_phy/ddr_phy_4lanes_0.u_ddr_phy_4lanes/ddr_byte_lane_A.ddr_byte_lane_A/A_rst_primitives_reg |             2.5 |
| u_memc_ui_top_axi/mem_intfc0/ddr_phy_top0/u_ddr_mc_phy_wrapper/u_ddr_mc_phy/ddr_phy_4lanes_0.u_ddr_phy_4lanes/ddr_byte_lane_B.ddr_byte_lane_B/iserdes_clk | ae_ddr_axis_event_buffer_inst/u_ae_ddr_event_buffer/gen_mig_ddr3.u_ddr3/u_ddr3_mig/u_memc_ui_top_axi/mem_intfc0/ddr_phy_top0/u_ddr_mc_phy_wrapper/u_ddr_mc_phy/ddr_phy_4lanes_0.u_ddr_phy_4lanes/ddr_byte_lane_B.ddr_byte_lane_B/A_rst_primitives_reg |             2.5 |
| u_memc_ui_top_axi/mem_intfc0/ddr_phy_top0/u_ddr_mc_phy_wrapper/u_ddr_mc_phy/ddr_phy_4lanes_0.u_ddr_phy_4lanes/ddr_byte_lane_C.ddr_byte_lane_C/iserdes_clk | ae_ddr_axis_event_buffer_inst/u_ae_ddr_event_buffer/gen_mig_ddr3.u_ddr3/u_ddr3_mig/u_memc_ui_top_axi/mem_intfc0/ddr_phy_top0/u_ddr_mc_phy_wrapper/u_ddr_mc_phy/ddr_phy_4lanes_0.u_ddr_phy_4lanes/ddr_byte_lane_C.ddr_byte_lane_C/A_rst_primitives_reg |             2.5 |
| u_memc_ui_top_axi/mem_intfc0/ddr_phy_top0/u_ddr_mc_phy_wrapper/u_ddr_mc_phy/ddr_phy_4lanes_0.u_ddr_phy_4lanes/ddr_byte_lane_D.ddr_byte_lane_D/iserdes_clk | ae_ddr_axis_event_buffer_inst/u_ae_ddr_event_buffer/gen_mig_ddr3.u_ddr3/u_ddr3_mig/u_memc_ui_top_axi/mem_intfc0/ddr_phy_top0/u_ddr_mc_phy_wrapper/u_ddr_mc_phy/ddr_phy_4lanes_0.u_ddr_phy_4lanes/ddr_byte_lane_D.ddr_byte_lane_D/A_rst_primitives_reg |             2.5 |
+-----------------------------------------------------------------------------------------------------------------------------------------------------------+-------------------------------------------------------------------------------------------------------------------------------------------------------------------------------------------------------------------------------------------------------+-----------------+


3. Detailed Reports
-------------------

3.1 By Hierarchy
----------------

+--------------------------------------------+-----------+
| Name                                       | Power (W) |
+--------------------------------------------+-----------+
| top                                        |     2.173 |
|   adc_data_preprocess_inst                 |     0.505 |
|     adc_data_sync_inst                     |     0.003 |
|     adc_filter_chain_inst                  |     0.052 |
|       u_adc1_filter_8ch                    |     0.027 |
|       u_adc2_filter_8ch                    |     0.025 |
|     get_adc_data_inst1                     |     0.225 |
|       adc_dclk_in_inst                     |     0.137 |
|       data_iserdes0[0].u_iserdes_data      |     0.006 |
|       data_iserdes0[1].u_iserdes_data      |     0.006 |
|       data_iserdes0[2].u_iserdes_data      |     0.006 |
|       data_iserdes0[3].u_iserdes_data      |     0.006 |
|       data_iserdes0[4].u_iserdes_data      |     0.006 |
|       data_iserdes0[5].u_iserdes_data      |     0.006 |
|       data_iserdes0[6].u_iserdes_data      |     0.006 |
|       data_iserdes0[7].u_iserdes_data      |     0.006 |
|       u_iserdes_frame                      |     0.006 |
|     get_adc_data_inst2                     |     0.226 |
|       adc_dclk_in_inst                     |     0.138 |
|       data_iserdes0[0].u_iserdes_data      |     0.006 |
|       data_iserdes0[1].u_iserdes_data      |     0.006 |
|       data_iserdes0[2].u_iserdes_data      |     0.006 |
|       data_iserdes0[3].u_iserdes_data      |     0.006 |
|       data_iserdes0[4].u_iserdes_data      |     0.006 |
|       data_iserdes0[5].u_iserdes_data      |     0.006 |
|       data_iserdes0[6].u_iserdes_data      |     0.006 |
|       data_iserdes0[7].u_iserdes_data      |     0.006 |
|       u_iserdes_frame                      |     0.006 |
|   ae_ddr_axis_event_buffer_inst            |     1.067 |
|     u_ae_ddr_event_buffer                  |     1.067 |
|       gen_mig_ddr3.u_ddr3                  |     1.033 |
|       u_ae_ddr_axi_reader                  |     0.004 |
|       u_ae_ddr_axi_writer                  |     0.008 |
|       u_ae_event_desc_table                |     0.010 |
|       u_ae_event_ingress                   |     0.004 |
|       u_data_fifo                          |     0.005 |
|       u_meta_fifo                          |     0.004 |
|   ae_ddr_clk_400M_inst                     |     0.127 |
|     inst                                   |     0.127 |
|   ae_event_capture_inst                    |     0.099 |
|     ae_adc_data_downsampler_inst           |     0.001 |
|     ae_axis_stream_ctrl_inst               |     0.003 |
|     ae_copy_ctrl_inst                      |     0.005 |
|     ae_frame_bank_inst0                    |     0.006 |
|       U0                                   |     0.006 |
|     ae_frame_bank_inst1                    |     0.013 |
|       U0                                   |     0.013 |
|     ae_live_ring_bram_inst                 |     0.068 |
|       U0                                   |     0.068 |
|   event_time_keeper_inst                   |     0.003 |
|   system_clk_module_inst                   |     0.111 |
|     inst                                   |     0.111 |
|   u_eth_reset                              |     0.003 |
|   u_gmii_to_rgmii                          |     0.114 |
|     u_rgmii_rx                             |     0.006 |
|     u_rgmii_tx                             |     0.108 |
|   u_udp                                    |     0.004 |
|     u_udp_tx                               |     0.003 |
|   udp_event_sensor_tx_inst                 |     0.073 |
|     u_evt_word_fifo                        |     0.007 |
|       gnuram_async_fifo.xpm_fifo_base_inst |     0.007 |
|     u_out_byte_fifo                        |     0.007 |
|       gnuram_async_fifo.xpm_fifo_base_inst |     0.007 |
|     u_out_len_fifo                         |     0.002 |
|       gnuram_async_fifo.xpm_fifo_base_inst |     0.002 |
|     u_out_meta_fifo                        |     0.002 |
|       gnuram_async_fifo.xpm_fifo_base_inst |     0.002 |
|     u_req_fifo                             |     0.002 |
|       gnuram_async_fifo.xpm_fifo_base_inst |     0.002 |
|   udp_rec_decode_inst                      |     0.032 |
|     gen_pulse_ctrl[0].pulse_ctrl_instance  |     0.006 |
|     gen_pulse_ctrl[1].pulse_ctrl_instance  |     0.007 |
|     gen_pulse_ctrl[2].pulse_ctrl_instance  |     0.006 |
|     gen_pulse_ctrl[3].pulse_ctrl_instance  |     0.006 |
+--------------------------------------------+-----------+


