#-----------------------------------------------------------
# Vivado v2020.2 (64-bit)
# SW Build 3064766 on Wed Nov 18 09:12:45 MST 2020
# IP Build 3064653 on Wed Nov 18 14:17:31 MST 2020
# Start of session at: Wed May 13 20:16:14 2026
# Process ID: 575332
# Current directory: E:/AE_project/FPGA/AE_project
# Command line: vivado.exe -mode batch -source E:\AI\check_ae_top_rtl_elab.tcl
# Log file: E:/AE_project/FPGA/AE_project/vivado.log
# Journal file: E:/AE_project/FPGA/AE_project\vivado.jou
#-----------------------------------------------------------
source {E:\AI\check_ae_top_rtl_elab.tcl}
# open_project {E:/AE_project/FPGA/AE_project/AE_project.xpr}
Scanning sources...
Finished scanning sources
INFO: [IP_Flow 19-234] Refreshing IP repositories
INFO: [IP_Flow 19-1704] No user IP repositories specified
INFO: [IP_Flow 19-2313] Loaded Vivado IP repository 'E:/1.tools/Xilinx/Vivado/2020.2/data/ip'.
WARNING: [IP_Flow 19-3664] IP 'sys_clk_200M' generated file not found 'e:/AE_project/FPGA/AE_project/AE_project.gen/sources_1/ip/sys_clk_200M/sys_clk_200M.dcp'. Please regenerate to continue.
WARNING: [IP_Flow 19-3664] IP 'sys_clk_200M' generated file not found 'e:/AE_project/FPGA/AE_project/AE_project.gen/sources_1/ip/sys_clk_200M/sys_clk_200M_stub.v'. Please regenerate to continue.
WARNING: [IP_Flow 19-3664] IP 'sys_clk_200M' generated file not found 'e:/AE_project/FPGA/AE_project/AE_project.gen/sources_1/ip/sys_clk_200M/sys_clk_200M_stub.vhdl'. Please regenerate to continue.
WARNING: [IP_Flow 19-3664] IP 'sys_clk_200M' generated file not found 'e:/AE_project/FPGA/AE_project/AE_project.gen/sources_1/ip/sys_clk_200M/sys_clk_200M_sim_netlist.v'. Please regenerate to continue.
WARNING: [IP_Flow 19-3664] IP 'sys_clk_200M' generated file not found 'e:/AE_project/FPGA/AE_project/AE_project.gen/sources_1/ip/sys_clk_200M/sys_clk_200M_sim_netlist.vhdl'. Please regenerate to continue.
open_project: Time (s): cpu = 00:00:07 ; elapsed = 00:00:12 . Memory (MB): peak = 1107.535 ; gain = 0.000
# set_property top top [get_filesets sources_1]
# update_compile_order -fileset sources_1
# synth_design -rtl -name ae_top_rtl_elab -top top -part xc7a200tfbg484-2
Command: synth_design -rtl -name ae_top_rtl_elab -top top -part xc7a200tfbg484-2
Starting synth_design
INFO: [Device 21-403] Loading part xc7a200tfbg484-2
WARNING: [Synth 8-2507] parameter declaration becomes local in get_adc_data with formal parameter declaration list [E:/AE_project/FPGA/AE_project/AE_project.srcs/sources_1/new/ae_data_process/get_adc_data.v:62]
WARNING: [Synth 8-2507] parameter declaration becomes local in get_adc_data with formal parameter declaration list [E:/AE_project/FPGA/AE_project/AE_project.srcs/sources_1/new/ae_data_process/get_adc_data.v:63]
WARNING: [Synth 8-2507] parameter declaration becomes local in get_adc_data with formal parameter declaration list [E:/AE_project/FPGA/AE_project/AE_project.srcs/sources_1/new/ae_data_process/get_adc_data.v:64]
---------------------------------------------------------------------------------
Starting RTL Elaboration : Time (s): cpu = 00:00:06 ; elapsed = 00:00:09 . Memory (MB): peak = 1238.594 ; gain = 131.059
---------------------------------------------------------------------------------
INFO: [Synth 8-6157] synthesizing module 'top' [E:/AE_project/FPGA/AE_project/AE_project.srcs/sources_1/new/top.v:22]
	Parameter BOARD_MAC bound to: 48'b000100100011010001010110011110001001101010111100 
	Parameter BOARD_IP bound to: -1062705942 - type: integer 
	Parameter DES_MAC bound to: 48'b111111111111111111111111111111111111111111111111 
	Parameter DES_IP bound to: -1062706031 - type: integer 
	Parameter IDELAY_VALUE bound to: 0 - type: integer 
	Parameter RGMII_TXC_DELAY_MODE bound to: 1 - type: integer 
	Parameter CLK_FRE bound to: 200 - type: integer 
	Parameter BAUD_RATE bound to: 115200 - type: integer 
	Parameter SYSTEM_FREQ bound to: 200 - type: integer 
	Parameter SIM_AXI_MEM bound to: 0 - type: integer 
	Parameter SIM_SENSOR_STUB bound to: 0 - type: integer 
	Parameter SIM_ADC_PREPROCESS_STUB bound to: 0 - type: integer 
	Parameter AE_FRAME_SAMPLES bound to: 8192 - type: integer 
	Parameter AE_PRE_SAMPLES bound to: 4096 - type: integer 
	Parameter AE_POST_SAMPLES bound to: 4096 - type: integer 
	Parameter IDLE bound to: 0 - type: integer 
	Parameter SEND bound to: 1 - type: integer 
	Parameter WAIT bound to: 2 - type: integer 
	Parameter UDP_IDLE bound to: 1 - type: integer 
	Parameter UDP_SEND bound to: 2 - type: integer 
	Parameter UDP_WAIT bound to: 3 - type: integer 
	Parameter LED_100MS_CYCLES bound to: 20000000 - type: integer 
	Parameter LED_1S_CYCLES bound to: 200000000 - type: integer 
	Parameter LED_2S_CYCLES bound to: 400000000 - type: integer 
INFO: [Synth 8-6157] synthesizing module 'adc_data_preprocess' [E:/AE_project/FPGA/AE_project/AE_project.srcs/sources_1/new/ae_data_process/adc_data_preprocess.v:29]
	Parameter ADC1_DEBUG_ILA bound to: 0 - type: integer 
	Parameter ADC2_DEBUG_ILA bound to: 0 - type: integer 
	Parameter INPUT_IS_OFFSET_BINARY bound to: 0 - type: integer 
	Parameter FIR_OUT_SHIFT bound to: 15 - type: integer 
	Parameter STARTUP_WAIT_CYCLES bound to: 16 - type: integer 
	Parameter PRELOAD_CYCLES bound to: 4 - type: integer 
INFO: [Synth 8-6157] synthesizing module 'get_adc_data' [E:/AE_project/FPGA/AE_project/AE_project.srcs/sources_1/new/ae_data_process/get_adc_data.v:23]
	Parameter DEBUG_ILA bound to: 0 - type: integer 
	Parameter CLK_FRE bound to: 200000000 - type: integer 
	Parameter ADC_SAMPLE_RATE bound to: 40 - type: integer 
	Parameter FRAME_PATTERN bound to: 14'b11111110000000 
	Parameter IO_RST_RELEASE_US bound to: 50 - type: integer 
	Parameter CLK_RST_RELEASE_US bound to: 40 - type: integer 
	Parameter STANDBY_WAIT_US bound to: 50 - type: integer 
	Parameter CLK_RST_CYCLES bound to: 8000 - type: integer 
	Parameter IO_RST_CYCLES bound to: 10000 - type: integer 
	Parameter ST_IDLE bound to: 4'b0001 
	Parameter ST_WAIT bound to: 4'b0010 
	Parameter ST_CHECK bound to: 4'b0100 
	Parameter ST_DONE bound to: 4'b1000 
INFO: [Synth 8-6157] synthesizing module 'iserdes' [E:/AE_project/FPGA/AE_project/AE_project.srcs/sources_1/new/ae_data_process/iserdes.v:3]
INFO: [Synth 8-6157] synthesizing module 'IBUFDS' [E:/1.tools/Xilinx/Vivado/2020.2/scripts/rt/data/unisim_comp.v:32998]
	Parameter CAPACITANCE bound to: DONT_CARE - type: string 
	Parameter DIFF_TERM bound to: FALSE - type: string 
	Parameter DQS_BIAS bound to: FALSE - type: string 
	Parameter IBUF_DELAY_VALUE bound to: 0 - type: string 
	Parameter IBUF_LOW_PWR bound to: TRUE - type: string 
	Parameter IFD_DELAY_VALUE bound to: AUTO - type: string 
	Parameter IOSTANDARD bound to: DEFAULT - type: string 
INFO: [Synth 8-6155] done synthesizing module 'IBUFDS' (1#1) [E:/1.tools/Xilinx/Vivado/2020.2/scripts/rt/data/unisim_comp.v:32998]
INFO: [Synth 8-6157] synthesizing module 'xpm_cdc_sync_rst' [E:/1.tools/Xilinx/Vivado/2020.2/data/ip/xpm/xpm_cdc/hdl/xpm_cdc.sv:1059]
	Parameter DEST_SYNC_FF bound to: 4 - type: integer 
	Parameter INIT bound to: 32'sb00000000000000000000000000000001 
	Parameter INIT_SYNC_FF bound to: 0 - type: integer 
	Parameter SIM_ASSERT_CHK bound to: 0 - type: integer 
	Parameter VERSION bound to: 0 - type: integer 
	Parameter DEF_VAL bound to: 1'b1 
INFO: [Synth 8-6155] done synthesizing module 'xpm_cdc_sync_rst' (2#1) [E:/1.tools/Xilinx/Vivado/2020.2/data/ip/xpm/xpm_cdc/hdl/xpm_cdc.sv:1059]
INFO: [Synth 8-6157] synthesizing module 'ISERDESE2' [E:/1.tools/Xilinx/Vivado/2020.2/scripts/rt/data/unisim_comp.v:38620]
	Parameter DATA_RATE bound to: DDR - type: string 
	Parameter DATA_WIDTH bound to: 14 - type: integer 
	Parameter DYN_CLKDIV_INV_EN bound to: FALSE - type: string 
	Parameter DYN_CLK_INV_EN bound to: FALSE - type: string 
	Parameter INIT_Q1 bound to: 1'b0 
	Parameter INIT_Q2 bound to: 1'b0 
	Parameter INIT_Q3 bound to: 1'b0 
	Parameter INIT_Q4 bound to: 1'b0 
	Parameter INTERFACE_TYPE bound to: NETWORKING - type: string 
	Parameter IOBDELAY bound to: NONE - type: string 
	Parameter IS_CLKB_INVERTED bound to: 1'b1 
	Parameter IS_CLKDIVP_INVERTED bound to: 1'b0 
	Parameter IS_CLKDIV_INVERTED bound to: 1'b0 
	Parameter IS_CLK_INVERTED bound to: 1'b0 
	Parameter IS_D_INVERTED bound to: 1'b0 
	Parameter IS_OCLKB_INVERTED bound to: 1'b0 
	Parameter IS_OCLK_INVERTED bound to: 1'b0 
	Parameter NUM_CE bound to: 2 - type: integer 
	Parameter OFB_USED bound to: FALSE - type: string 
	Parameter SERDES_MODE bound to: MASTER - type: string 
	Parameter SRVAL_Q1 bound to: 1'b0 
	Parameter SRVAL_Q2 bound to: 1'b0 
	Parameter SRVAL_Q3 bound to: 1'b0 
	Parameter SRVAL_Q4 bound to: 1'b0 
INFO: [Synth 8-6155] done synthesizing module 'ISERDESE2' (3#1) [E:/1.tools/Xilinx/Vivado/2020.2/scripts/rt/data/unisim_comp.v:38620]
INFO: [Synth 8-6157] synthesizing module 'ISERDESE2__parameterized0' [E:/1.tools/Xilinx/Vivado/2020.2/scripts/rt/data/unisim_comp.v:38620]
	Parameter DATA_RATE bound to: DDR - type: string 
	Parameter DATA_WIDTH bound to: 14 - type: integer 
	Parameter DYN_CLKDIV_INV_EN bound to: FALSE - type: string 
	Parameter DYN_CLK_INV_EN bound to: FALSE - type: string 
	Parameter INIT_Q1 bound to: 1'b0 
	Parameter INIT_Q2 bound to: 1'b0 
	Parameter INIT_Q3 bound to: 1'b0 
	Parameter INIT_Q4 bound to: 1'b0 
	Parameter INTERFACE_TYPE bound to: NETWORKING - type: string 
	Parameter IOBDELAY bound to: NONE - type: string 
	Parameter IS_CLKB_INVERTED bound to: 1'b1 
	Parameter IS_CLKDIVP_INVERTED bound to: 1'b0 
	Parameter IS_CLKDIV_INVERTED bound to: 1'b0 
	Parameter IS_CLK_INVERTED bound to: 1'b0 
	Parameter IS_D_INVERTED bound to: 1'b0 
	Parameter IS_OCLKB_INVERTED bound to: 1'b0 
	Parameter IS_OCLK_INVERTED bound to: 1'b0 
	Parameter NUM_CE bound to: 2 - type: integer 
	Parameter OFB_USED bound to: FALSE - type: string 
	Parameter SERDES_MODE bound to: SLAVE - type: string 
	Parameter SRVAL_Q1 bound to: 1'b0 
	Parameter SRVAL_Q2 bound to: 1'b0 
	Parameter SRVAL_Q3 bound to: 1'b0 
	Parameter SRVAL_Q4 bound to: 1'b0 
INFO: [Synth 8-6155] done synthesizing module 'ISERDESE2__parameterized0' (3#1) [E:/1.tools/Xilinx/Vivado/2020.2/scripts/rt/data/unisim_comp.v:38620]
INFO: [Synth 8-6155] done synthesizing module 'iserdes' (4#1) [E:/AE_project/FPGA/AE_project/AE_project.srcs/sources_1/new/ae_data_process/iserdes.v:3]
INFO: [Synth 8-6157] synthesizing module 'OBUFDS' [E:/1.tools/Xilinx/Vivado/2020.2/scripts/rt/data/unisim_comp.v:46332]
	Parameter CAPACITANCE bound to: DONT_CARE - type: string 
	Parameter IOSTANDARD bound to: DEFAULT - type: string 
	Parameter SLEW bound to: FAST - type: string 
INFO: [Synth 8-6155] done synthesizing module 'OBUFDS' (5#1) [E:/1.tools/Xilinx/Vivado/2020.2/scripts/rt/data/unisim_comp.v:46332]
INFO: [Synth 8-6157] synthesizing module 'adc_drive' [E:/AE_project/FPGA/AE_project/AE_project.srcs/sources_1/new/ae_data_process/adc_drive.v:4]
	Parameter DEBUG_ILA bound to: 0 - type: integer 
	Parameter SYS_CLK_HZ bound to: 200000000 - type: integer 
	Parameter SPI_CLK_HZ bound to: 20000000 - type: integer 
	Parameter SPI_DIV bound to: 5 - type: integer 
	Parameter WRITE bound to: 1'b0 
	Parameter READ bound to: 1'b1 
	Parameter STEP_MAX bound to: 6'b100000 
	Parameter ST_IDLE bound to: 2'b00 
	Parameter ST_LOW bound to: 2'b01 
	Parameter ST_HIGH bound to: 2'b10 
	Parameter ST_POST bound to: 2'b11 
INFO: [Synth 8-226] default block is never used [E:/AE_project/FPGA/AE_project/AE_project.srcs/sources_1/new/ae_data_process/adc_drive.v:242]
INFO: [Synth 8-226] default block is never used [E:/AE_project/FPGA/AE_project/AE_project.srcs/sources_1/new/ae_data_process/adc_drive.v:307]
INFO: [Synth 8-6157] synthesizing module 'IOBUF' [E:/1.tools/Xilinx/Vivado/2020.2/scripts/rt/data/unisim_comp.v:36242]
	Parameter DRIVE bound to: 12 - type: integer 
	Parameter IBUF_LOW_PWR bound to: TRUE - type: string 
	Parameter IOSTANDARD bound to: DEFAULT - type: string 
	Parameter SLEW bound to: SLOW - type: string 
INFO: [Synth 8-6155] done synthesizing module 'IOBUF' (6#1) [E:/1.tools/Xilinx/Vivado/2020.2/scripts/rt/data/unisim_comp.v:36242]
INFO: [Synth 8-6155] done synthesizing module 'adc_drive' (7#1) [E:/AE_project/FPGA/AE_project/AE_project.srcs/sources_1/new/ae_data_process/adc_drive.v:4]
INFO: [Synth 8-6157] synthesizing module 'adc_dclk_in' [E:/AE_project/FPGA/AE_project/.Xil/Vivado-575332-Adam/realtime/adc_dclk_in_stub.v:5]
INFO: [Synth 8-6155] done synthesizing module 'adc_dclk_in' (8#1) [E:/AE_project/FPGA/AE_project/.Xil/Vivado-575332-Adam/realtime/adc_dclk_in_stub.v:5]
INFO: [Synth 8-6155] done synthesizing module 'get_adc_data' (9#1) [E:/AE_project/FPGA/AE_project/AE_project.srcs/sources_1/new/ae_data_process/get_adc_data.v:23]
INFO: [Synth 8-6157] synthesizing module 'adc_filter_chain' [E:/AE_project/FPGA/AE_project/AE_project.srcs/sources_1/new/ae_data_process/adc_filter_chain.v:34]
	Parameter INPUT_IS_OFFSET_BINARY bound to: 0 - type: integer 
	Parameter FIR_OUT_SHIFT bound to: 15 - type: integer 
INFO: [Synth 8-6157] synthesizing module 'adc_filter_8ch' [E:/AE_project/FPGA/AE_project/AE_project.srcs/sources_1/new/ae_data_process/adc_filter_8ch.v:1]
	Parameter INPUT_IS_OFFSET_BINARY bound to: 0 - type: integer 
	Parameter FIR_OUT_SHIFT bound to: 15 - type: integer 
INFO: [Synth 8-6157] synthesizing module 'adc_filter_channel' [E:/AE_project/FPGA/AE_project/AE_project.srcs/sources_1/new/ae_data_process/adc_filter_channel.v:1]
	Parameter INPUT_IS_OFFSET_BINARY bound to: 0 - type: integer 
	Parameter FIR_OUT_SHIFT bound to: 15 - type: integer 
INFO: [Synth 8-6157] synthesizing module 'adc_filter_adc14_to_s16' [E:/AE_project/FPGA/AE_project/AE_project.srcs/sources_1/new/ae_data_process/adc_filter_adc14_to_s16.v:1]
	Parameter INPUT_IS_OFFSET_BINARY bound to: 0 - type: integer 
INFO: [Synth 8-6155] done synthesizing module 'adc_filter_adc14_to_s16' (10#1) [E:/AE_project/FPGA/AE_project/AE_project.srcs/sources_1/new/ae_data_process/adc_filter_adc14_to_s16.v:1]
INFO: [Synth 8-6157] synthesizing module 'adc_filter_iir_hp4_10k_40m' [E:/AE_project/FPGA/AE_project/AE_project.srcs/sources_1/new/ae_data_process/adc_filter_iir_hp4_10k_40m.v:1]
	Parameter SEC0_B0 bound to: 1071540396 - type: integer 
	Parameter SEC0_B1 bound to: -2143080791 - type: integer 
	Parameter SEC0_B2 bound to: 1071540396 - type: integer 
	Parameter SEC0_FB1 bound to: 2144369035 - type: integer 
	Parameter SEC0_FB2 bound to: -1070629856 - type: integer 
	Parameter SEC1_B0 bound to: 1073741824 - type: integer 
	Parameter SEC1_B1 bound to: -2147483648 - type: integer 
	Parameter SEC1_B2 bound to: 1073741824 - type: integer 
	Parameter SEC1_FB1 bound to: 2146190886 - type: integer 
	Parameter SEC1_FB2 bound to: -1072451710 - type: integer 
INFO: [Synth 8-6157] synthesizing module 'adc_filter_iir_biquad_q2_30' [E:/AE_project/FPGA/AE_project/AE_project.srcs/sources_1/new/ae_data_process/adc_filter_iir_biquad_q2_30.v:3]
	Parameter B0 bound to: 1071540396 - type: integer 
	Parameter B1 bound to: -2143080791 - type: integer 
	Parameter B2 bound to: 1071540396 - type: integer 
	Parameter FB1 bound to: 2144369035 - type: integer 
	Parameter FB2 bound to: -1070629856 - type: integer 
	Parameter STATE_FRAC bound to: 18 - type: integer 
	Parameter DATA_W bound to: 32 - type: integer 
	Parameter COEF_W bound to: 32 - type: integer 
	Parameter COEF_FRAC bound to: 30 - type: integer 
	Parameter STATE_GUARD bound to: 8 - type: integer 
	Parameter STATE_W bound to: 58 - type: integer 
	Parameter ACC_W bound to: 94 - type: integer 
	Parameter S32_MAX_EXT bound to: 94'sb0000000000000000000000000000000000000000000000000000000000000001111111111111111111111111111111 
	Parameter S32_MIN_EXT bound to: 94'sb1111111111111111111111111111111111111111111111111111111111111110000000000000000000000000000000 
	Parameter SSTATE_MAX_EXT bound to: 94'sb0000000000000000000000000000000000000111111111111111111111111111111111111111111111111111111111 
	Parameter SSTATE_MIN_EXT bound to: 94'sb1111111111111111111111111111111111111000000000000000000000000000000000000000000000000000000000 
INFO: [Synth 8-6155] done synthesizing module 'adc_filter_iir_biquad_q2_30' (11#1) [E:/AE_project/FPGA/AE_project/AE_project.srcs/sources_1/new/ae_data_process/adc_filter_iir_biquad_q2_30.v:3]
INFO: [Synth 8-6157] synthesizing module 'adc_filter_iir_biquad_q2_30__parameterized0' [E:/AE_project/FPGA/AE_project/AE_project.srcs/sources_1/new/ae_data_process/adc_filter_iir_biquad_q2_30.v:3]
	Parameter B0 bound to: 1073741824 - type: integer 
	Parameter B1 bound to: -2147483648 - type: integer 
	Parameter B2 bound to: 1073741824 - type: integer 
	Parameter FB1 bound to: 2146190886 - type: integer 
	Parameter FB2 bound to: -1072451710 - type: integer 
	Parameter STATE_FRAC bound to: 18 - type: integer 
	Parameter DATA_W bound to: 32 - type: integer 
	Parameter COEF_W bound to: 32 - type: integer 
	Parameter COEF_FRAC bound to: 30 - type: integer 
	Parameter STATE_GUARD bound to: 8 - type: integer 
	Parameter STATE_W bound to: 58 - type: integer 
	Parameter ACC_W bound to: 94 - type: integer 
	Parameter S32_MAX_EXT bound to: 94'sb0000000000000000000000000000000000000000000000000000000000000001111111111111111111111111111111 
	Parameter S32_MIN_EXT bound to: 94'sb1111111111111111111111111111111111111111111111111111111111111110000000000000000000000000000000 
	Parameter SSTATE_MAX_EXT bound to: 94'sb0000000000000000000000000000000000000111111111111111111111111111111111111111111111111111111111 
	Parameter SSTATE_MIN_EXT bound to: 94'sb1111111111111111111111111111111111111000000000000000000000000000000000000000000000000000000000 
INFO: [Synth 8-6155] done synthesizing module 'adc_filter_iir_biquad_q2_30__parameterized0' (11#1) [E:/AE_project/FPGA/AE_project/AE_project.srcs/sources_1/new/ae_data_process/adc_filter_iir_biquad_q2_30.v:3]
INFO: [Synth 8-6155] done synthesizing module 'adc_filter_iir_hp4_10k_40m' (12#1) [E:/AE_project/FPGA/AE_project/AE_project.srcs/sources_1/new/ae_data_process/adc_filter_iir_hp4_10k_40m.v:1]
INFO: [Synth 8-6157] synthesizing module 'adc_filter_fir_500k_lp_wrap' [E:/AE_project/FPGA/AE_project/AE_project.srcs/sources_1/new/ae_data_process/adc_filter_fir_500k_lp_wrap.v:1]
	Parameter FIR_OUT_SHIFT bound to: 15 - type: integer 
INFO: [Synth 8-6157] synthesizing module 'fir_500k_lp' [E:/AE_project/FPGA/AE_project/.Xil/Vivado-575332-Adam/realtime/fir_500k_lp_stub.v:6]
INFO: [Synth 8-6155] done synthesizing module 'fir_500k_lp' (13#1) [E:/AE_project/FPGA/AE_project/.Xil/Vivado-575332-Adam/realtime/fir_500k_lp_stub.v:6]
INFO: [Synth 8-6155] done synthesizing module 'adc_filter_fir_500k_lp_wrap' (14#1) [E:/AE_project/FPGA/AE_project/AE_project.srcs/sources_1/new/ae_data_process/adc_filter_fir_500k_lp_wrap.v:1]
INFO: [Synth 8-6155] done synthesizing module 'adc_filter_channel' (15#1) [E:/AE_project/FPGA/AE_project/AE_project.srcs/sources_1/new/ae_data_process/adc_filter_channel.v:1]
INFO: [Synth 8-6155] done synthesizing module 'adc_filter_8ch' (16#1) [E:/AE_project/FPGA/AE_project/AE_project.srcs/sources_1/new/ae_data_process/adc_filter_8ch.v:1]
INFO: [Synth 8-6155] done synthesizing module 'adc_filter_chain' (17#1) [E:/AE_project/FPGA/AE_project/AE_project.srcs/sources_1/new/ae_data_process/adc_filter_chain.v:34]
INFO: [Synth 8-6157] synthesizing module 'adc_data_sync' [E:/AE_project/FPGA/AE_project/AE_project.srcs/sources_1/new/ae_data_process/adc_data_sync.v:8]
	Parameter ADC_CH_PER_DEV bound to: 8 - type: integer 
	Parameter ADC_OUT_W bound to: 16 - type: integer 
	Parameter PACK_W bound to: 128 - type: integer 
	Parameter STARTUP_WAIT_CYCLES bound to: 16 - type: integer 
	Parameter PRELOAD_CYCLES bound to: 4 - type: integer 
INFO: [Synth 8-6157] synthesizing module 'xpm_fifo_async' [E:/1.tools/Xilinx/Vivado/2020.2/data/ip/xpm/xpm_fifo/hdl/xpm_fifo.sv:2142]
	Parameter FIFO_MEMORY_TYPE bound to: block - type: string 
	Parameter ECC_MODE bound to: no_ecc - type: string 
	Parameter RELATED_CLOCKS bound to: 0 - type: integer 
	Parameter SIM_ASSERT_CHK bound to: 0 - type: integer 
	Parameter CASCADE_HEIGHT bound to: 0 - type: integer 
	Parameter FIFO_WRITE_DEPTH bound to: 64 - type: integer 
	Parameter WRITE_DATA_WIDTH bound to: 128 - type: integer 
	Parameter WR_DATA_COUNT_WIDTH bound to: 1 - type: integer 
	Parameter PROG_FULL_THRESH bound to: 10 - type: integer 
	Parameter FULL_RESET_VALUE bound to: 0 - type: integer 
	Parameter USE_ADV_FEATURES bound to: 0000 - type: string 
	Parameter READ_MODE bound to: fwft - type: string 
	Parameter FIFO_READ_LATENCY bound to: 0 - type: integer 
	Parameter READ_DATA_WIDTH bound to: 128 - type: integer 
	Parameter RD_DATA_COUNT_WIDTH bound to: 1 - type: integer 
	Parameter PROG_EMPTY_THRESH bound to: 10 - type: integer 
	Parameter DOUT_RESET_VALUE bound to: 0 - type: string 
	Parameter CDC_SYNC_STAGES bound to: 2 - type: integer 
	Parameter WAKEUP_TIME bound to: 0 - type: integer 
	Parameter EN_ADV_FEATURE_ASYNC bound to: 16'b0000000000000000 
	Parameter P_FIFO_MEMORY_TYPE bound to: 2 - type: integer 
	Parameter P_COMMON_CLOCK bound to: 0 - type: integer 
	Parameter P_ECC_MODE bound to: 0 - type: integer 
	Parameter P_READ_MODE bound to: 1 - type: integer 
	Parameter P_WAKEUP_TIME bound to: 2 - type: integer 
INFO: [Synth 8-6157] synthesizing module 'xpm_fifo_base' [E:/1.tools/Xilinx/Vivado/2020.2/data/ip/xpm/xpm_fifo/hdl/xpm_fifo.sv:56]
	Parameter COMMON_CLOCK bound to: 0 - type: integer 
	Parameter RELATED_CLOCKS bound to: 0 - type: integer 
	Parameter FIFO_MEMORY_TYPE bound to: 2 - type: integer 
	Parameter ECC_MODE bound to: 0 - type: integer 
	Parameter SIM_ASSERT_CHK bound to: 0 - type: integer 
	Parameter CASCADE_HEIGHT bound to: 0 - type: integer 
	Parameter FIFO_WRITE_DEPTH bound to: 64 - type: integer 
	Parameter WRITE_DATA_WIDTH bound to: 128 - type: integer 
	Parameter WR_DATA_COUNT_WIDTH bound to: 1 - type: integer 
	Parameter PROG_FULL_THRESH bound to: 10 - type: integer 
	Parameter USE_ADV_FEATURES bound to: 0000 - type: string 
	Parameter READ_MODE bound to: 1 - type: integer 
	Parameter FIFO_READ_LATENCY bound to: 0 - type: integer 
	Parameter READ_DATA_WIDTH bound to: 128 - type: integer 
	Parameter RD_DATA_COUNT_WIDTH bound to: 1 - type: integer 
	Parameter PROG_EMPTY_THRESH bound to: 10 - type: integer 
	Parameter DOUT_RESET_VALUE bound to: 0 - type: string 
	Parameter CDC_DEST_SYNC_FF bound to: 2 - type: integer 
	Parameter FULL_RESET_VALUE bound to: 0 - type: integer 
	Parameter REMOVE_WR_RD_PROT_LOGIC bound to: 0 - type: integer 
	Parameter WAKEUP_TIME bound to: 0 - type: integer 
	Parameter VERSION bound to: 0 - type: integer 
	Parameter invalid bound to: 0 - type: integer 
	Parameter stage1_valid bound to: 2 - type: integer 
	Parameter stage2_valid bound to: 1 - type: integer 
	Parameter both_stages_valid bound to: 3 - type: integer 
	Parameter FIFO_MEM_TYPE bound to: 2 - type: integer 
	Parameter RD_MODE bound to: 1 - type: integer 
	Parameter ENABLE_ECC bound to: 0 - type: integer 
	Parameter FIFO_READ_DEPTH bound to: 64 - type: integer 
	Parameter FIFO_SIZE bound to: 8192 - type: integer 
	Parameter WR_WIDTH_LOG bound to: 7 - type: integer 
	Parameter WR_DEPTH_LOG bound to: 6 - type: integer 
	Parameter WR_PNTR_WIDTH bound to: 6 - type: integer 
	Parameter RD_PNTR_WIDTH bound to: 6 - type: integer 
	Parameter FULL_RST_VAL bound to: 1'b0 
	Parameter WR_RD_RATIO bound to: 0 - type: integer 
	Parameter READ_MODE_LL bound to: 1 - type: integer 
	Parameter PF_THRESH_ADJ bound to: 8 - type: integer 
	Parameter PE_THRESH_ADJ bound to: 8 - type: integer 
	Parameter PF_THRESH_MIN bound to: 7 - type: integer 
	Parameter PF_THRESH_MAX bound to: 59 - type: integer 
	Parameter PE_THRESH_MIN bound to: 5 - type: integer 
	Parameter PE_THRESH_MAX bound to: 59 - type: integer 
	Parameter WR_DC_WIDTH_EXT bound to: 7 - type: integer 
	Parameter RD_DC_WIDTH_EXT bound to: 7 - type: integer 
	Parameter RD_LATENCY bound to: 2 - type: integer 
	Parameter WIDTH_RATIO bound to: 1 - type: integer 
	Parameter EN_ADV_FEATURE bound to: 16'b0000000000000000 
	Parameter EN_OF bound to: 1'b0 
	Parameter EN_PF bound to: 1'b0 
	Parameter EN_WDC bound to: 1'b0 
	Parameter EN_AF bound to: 1'b0 
	Parameter EN_WACK bound to: 1'b0 
	Parameter FG_EQ_ASYM_DOUT bound to: 1'b0 
	Parameter EN_UF bound to: 1'b0 
	Parameter EN_PE bound to: 1'b0 
	Parameter EN_RDC bound to: 1'b0 
	Parameter EN_AE bound to: 1'b0 
	Parameter EN_DVLD bound to: 1'b0 
INFO: [Synth 8-6157] synthesizing module 'xpm_memory_base' [E:/1.tools/Xilinx/Vivado/2020.2/data/ip/xpm/xpm_memory/hdl/xpm_memory.sv:57]
	Parameter MEMORY_TYPE bound to: 1 - type: integer 
	Parameter MEMORY_SIZE bound to: 8192 - type: integer 
	Parameter MEMORY_PRIMITIVE bound to: 2 - type: integer 
	Parameter CLOCKING_MODE bound to: 1 - type: integer 
	Parameter ECC_MODE bound to: 0 - type: integer 
	Parameter MEMORY_INIT_FILE bound to: none - type: string 
	Parameter MEMORY_INIT_PARAM bound to: (null) - type: string 
	Parameter USE_MEM_INIT_MMI bound to: 0 - type: integer 
	Parameter USE_MEM_INIT bound to: 0 - type: integer 
	Parameter MEMORY_OPTIMIZATION bound to: true - type: string 
	Parameter WAKEUP_TIME bound to: 0 - type: integer 
	Parameter AUTO_SLEEP_TIME bound to: 0 - type: integer 
	Parameter MESSAGE_CONTROL bound to: 0 - type: integer 
	Parameter VERSION bound to: 0 - type: integer 
	Parameter USE_EMBEDDED_CONSTRAINT bound to: 0 - type: integer 
	Parameter CASCADE_HEIGHT bound to: 0 - type: integer 
	Parameter SIM_ASSERT_CHK bound to: 0 - type: integer 
	Parameter WRITE_PROTECT bound to: 1 - type: integer 
	Parameter WRITE_DATA_WIDTH_A bound to: 128 - type: integer 
	Parameter READ_DATA_WIDTH_A bound to: 128 - type: integer 
	Parameter BYTE_WRITE_WIDTH_A bound to: 128 - type: integer 
	Parameter ADDR_WIDTH_A bound to: 6 - type: integer 
	Parameter READ_RESET_VALUE_A bound to: 0 - type: string 
	Parameter READ_LATENCY_A bound to: 2 - type: integer 
	Parameter WRITE_MODE_A bound to: 2 - type: integer 
	Parameter RST_MODE_A bound to: SYNC - type: string 
	Parameter WRITE_DATA_WIDTH_B bound to: 128 - type: integer 
	Parameter READ_DATA_WIDTH_B bound to: 128 - type: integer 
	Parameter BYTE_WRITE_WIDTH_B bound to: 128 - type: integer 
	Parameter ADDR_WIDTH_B bound to: 6 - type: integer 
	Parameter READ_RESET_VALUE_B bound to: 0 - type: string 
	Parameter READ_LATENCY_B bound to: 2 - type: integer 
	Parameter WRITE_MODE_B bound to: 2 - type: integer 
	Parameter RST_MODE_B bound to: SYNC - type: string 
	Parameter P_MEMORY_PRIMITIVE bound to: block - type: string 
	Parameter P_MIN_WIDTH_DATA_A bound to: 128 - type: integer 
	Parameter P_MIN_WIDTH_DATA_B bound to: 128 - type: integer 
	Parameter P_MIN_WIDTH_DATA bound to: 128 - type: integer 
	Parameter P_MIN_WIDTH_DATA_ECC bound to: 128 - type: integer 
	Parameter P_MAX_DEPTH_DATA bound to: 64 - type: integer 
	Parameter P_ECC_MODE bound to: no_ecc - type: string 
	Parameter P_MEMORY_OPT bound to: yes - type: string 
	Parameter P_WIDTH_COL_WRITE_A bound to: 128 - type: integer 
	Parameter P_WIDTH_COL_WRITE_B bound to: 128 - type: integer 
	Parameter P_NUM_COLS_WRITE_A bound to: 1 - type: integer 
	Parameter P_NUM_COLS_WRITE_B bound to: 1 - type: integer 
	Parameter P_NUM_ROWS_WRITE_A bound to: 1 - type: integer 
	Parameter P_NUM_ROWS_WRITE_B bound to: 1 - type: integer 
	Parameter P_NUM_ROWS_READ_A bound to: 1 - type: integer 
	Parameter P_NUM_ROWS_READ_B bound to: 1 - type: integer 
	Parameter P_WIDTH_ADDR_WRITE_A bound to: 6 - type: integer 
	Parameter P_WIDTH_ADDR_WRITE_B bound to: 6 - type: integer 
	Parameter P_WIDTH_ADDR_READ_A bound to: 6 - type: integer 
	Parameter P_WIDTH_ADDR_READ_B bound to: 6 - type: integer 
	Parameter P_WIDTH_ADDR_LSB_WRITE_A bound to: 0 - type: integer 
	Parameter P_WIDTH_ADDR_LSB_WRITE_B bound to: 0 - type: integer 
	Parameter P_WIDTH_ADDR_LSB_READ_A bound to: 0 - type: integer 
	Parameter P_WIDTH_ADDR_LSB_READ_B bound to: 0 - type: integer 
	Parameter P_ENABLE_BYTE_WRITE_A bound to: 0 - type: integer 
	Parameter P_ENABLE_BYTE_WRITE_B bound to: 0 - type: integer 
	Parameter P_SDP_WRITE_MODE bound to: no - type: string 
	Parameter rsta_loop_iter bound to: 128 - type: integer 
	Parameter rstb_loop_iter bound to: 128 - type: integer 
	Parameter NUM_CHAR_LOC bound to: 0 - type: integer 
	Parameter MAX_NUM_CHAR bound to: 0 - type: integer 
	Parameter P_MIN_WIDTH_DATA_SHFT bound to: 128 - type: integer 
	Parameter P_MIN_WIDTH_DATA_LDW bound to: 4 - type: integer 
INFO: [Synth 8-6155] done synthesizing module 'xpm_memory_base' (18#1) [E:/1.tools/Xilinx/Vivado/2020.2/data/ip/xpm/xpm_memory/hdl/xpm_memory.sv:57]
INFO: [Synth 8-6157] synthesizing module 'xpm_cdc_gray' [E:/1.tools/Xilinx/Vivado/2020.2/data/ip/xpm/xpm_cdc/hdl/xpm_cdc.sv:284]
	Parameter DEST_SYNC_FF bound to: 2 - type: integer 
	Parameter INIT_SYNC_FF bound to: 1 - type: integer 
	Parameter REG_OUTPUT bound to: 0 - type: integer 
	Parameter SIM_ASSERT_CHK bound to: 0 - type: integer 
	Parameter SIM_LOSSLESS_GRAY_CHK bound to: 0 - type: integer 
	Parameter VERSION bound to: 0 - type: integer 
	Parameter WIDTH bound to: 6 - type: integer 
INFO: [Synth 8-6155] done synthesizing module 'xpm_cdc_gray' (19#1) [E:/1.tools/Xilinx/Vivado/2020.2/data/ip/xpm/xpm_cdc/hdl/xpm_cdc.sv:284]
INFO: [Synth 8-6157] synthesizing module 'xpm_fifo_reg_vec' [E:/1.tools/Xilinx/Vivado/2020.2/data/ip/xpm/xpm_fifo/hdl/xpm_fifo.sv:1880]
	Parameter REG_WIDTH bound to: 6 - type: integer 
INFO: [Synth 8-6155] done synthesizing module 'xpm_fifo_reg_vec' (20#1) [E:/1.tools/Xilinx/Vivado/2020.2/data/ip/xpm/xpm_fifo/hdl/xpm_fifo.sv:1880]
INFO: [Synth 8-6157] synthesizing module 'xpm_cdc_gray__parameterized0' [E:/1.tools/Xilinx/Vivado/2020.2/data/ip/xpm/xpm_cdc/hdl/xpm_cdc.sv:284]
	Parameter DEST_SYNC_FF bound to: 4 - type: integer 
	Parameter INIT_SYNC_FF bound to: 1 - type: integer 
	Parameter REG_OUTPUT bound to: 0 - type: integer 
	Parameter SIM_ASSERT_CHK bound to: 0 - type: integer 
	Parameter SIM_LOSSLESS_GRAY_CHK bound to: 0 - type: integer 
	Parameter VERSION bound to: 0 - type: integer 
	Parameter WIDTH bound to: 7 - type: integer 
INFO: [Synth 8-6155] done synthesizing module 'xpm_cdc_gray__parameterized0' (20#1) [E:/1.tools/Xilinx/Vivado/2020.2/data/ip/xpm/xpm_cdc/hdl/xpm_cdc.sv:284]
INFO: [Synth 8-6157] synthesizing module 'xpm_fifo_reg_vec__parameterized0' [E:/1.tools/Xilinx/Vivado/2020.2/data/ip/xpm/xpm_fifo/hdl/xpm_fifo.sv:1880]
	Parameter REG_WIDTH bound to: 7 - type: integer 
INFO: [Synth 8-6155] done synthesizing module 'xpm_fifo_reg_vec__parameterized0' (20#1) [E:/1.tools/Xilinx/Vivado/2020.2/data/ip/xpm/xpm_fifo/hdl/xpm_fifo.sv:1880]
INFO: [Synth 8-6157] synthesizing module 'xpm_cdc_gray__parameterized1' [E:/1.tools/Xilinx/Vivado/2020.2/data/ip/xpm/xpm_cdc/hdl/xpm_cdc.sv:284]
	Parameter DEST_SYNC_FF bound to: 2 - type: integer 
	Parameter INIT_SYNC_FF bound to: 1 - type: integer 
	Parameter REG_OUTPUT bound to: 0 - type: integer 
	Parameter SIM_ASSERT_CHK bound to: 0 - type: integer 
	Parameter SIM_LOSSLESS_GRAY_CHK bound to: 0 - type: integer 
	Parameter VERSION bound to: 0 - type: integer 
	Parameter WIDTH bound to: 7 - type: integer 
INFO: [Synth 8-6155] done synthesizing module 'xpm_cdc_gray__parameterized1' (20#1) [E:/1.tools/Xilinx/Vivado/2020.2/data/ip/xpm/xpm_cdc/hdl/xpm_cdc.sv:284]
INFO: [Synth 8-226] default block is never used [E:/1.tools/Xilinx/Vivado/2020.2/data/ip/xpm/xpm_fifo/hdl/xpm_fifo.sv:1204]
INFO: [Synth 8-226] default block is never used [E:/1.tools/Xilinx/Vivado/2020.2/data/ip/xpm/xpm_fifo/hdl/xpm_fifo.sv:1271]
INFO: [Synth 8-226] default block is never used [E:/1.tools/Xilinx/Vivado/2020.2/data/ip/xpm/xpm_fifo/hdl/xpm_fifo.sv:1293]
INFO: [Synth 8-6157] synthesizing module 'xpm_fifo_reg_bit' [E:/1.tools/Xilinx/Vivado/2020.2/data/ip/xpm/xpm_fifo/hdl/xpm_fifo.sv:1902]
	Parameter RST_VALUE bound to: 0 - type: integer 
INFO: [Synth 8-6155] done synthesizing module 'xpm_fifo_reg_bit' (21#1) [E:/1.tools/Xilinx/Vivado/2020.2/data/ip/xpm/xpm_fifo/hdl/xpm_fifo.sv:1902]
INFO: [Synth 8-6157] synthesizing module 'xpm_counter_updn' [E:/1.tools/Xilinx/Vivado/2020.2/data/ip/xpm/xpm_fifo/hdl/xpm_fifo.sv:1854]
	Parameter COUNTER_WIDTH bound to: 2 - type: integer 
	Parameter RESET_VALUE bound to: 0 - type: integer 
INFO: [Synth 8-6155] done synthesizing module 'xpm_counter_updn' (22#1) [E:/1.tools/Xilinx/Vivado/2020.2/data/ip/xpm/xpm_fifo/hdl/xpm_fifo.sv:1854]
INFO: [Synth 8-6157] synthesizing module 'xpm_fifo_rst' [E:/1.tools/Xilinx/Vivado/2020.2/data/ip/xpm/xpm_fifo/hdl/xpm_fifo.sv:1618]
	Parameter COMMON_CLOCK bound to: 0 - type: integer 
	Parameter CDC_DEST_SYNC_FF bound to: 2 - type: integer 
	Parameter SIM_ASSERT_CHK bound to: 0 - type: integer 
INFO: [Synth 8-6157] synthesizing module 'xpm_cdc_sync_rst__parameterized0' [E:/1.tools/Xilinx/Vivado/2020.2/data/ip/xpm/xpm_cdc/hdl/xpm_cdc.sv:1059]
	Parameter DEST_SYNC_FF bound to: 2 - type: integer 
	Parameter INIT bound to: 32'sb00000000000000000000000000000000 
	Parameter INIT_SYNC_FF bound to: 1 - type: integer 
	Parameter SIM_ASSERT_CHK bound to: 0 - type: integer 
	Parameter VERSION bound to: 0 - type: integer 
	Parameter DEF_VAL bound to: 1'b0 
INFO: [Synth 8-6155] done synthesizing module 'xpm_cdc_sync_rst__parameterized0' (22#1) [E:/1.tools/Xilinx/Vivado/2020.2/data/ip/xpm/xpm_cdc/hdl/xpm_cdc.sv:1059]
INFO: [Synth 8-6155] done synthesizing module 'xpm_fifo_rst' (23#1) [E:/1.tools/Xilinx/Vivado/2020.2/data/ip/xpm/xpm_fifo/hdl/xpm_fifo.sv:1618]
INFO: [Synth 8-6157] synthesizing module 'xpm_counter_updn__parameterized0' [E:/1.tools/Xilinx/Vivado/2020.2/data/ip/xpm/xpm_fifo/hdl/xpm_fifo.sv:1854]
	Parameter COUNTER_WIDTH bound to: 7 - type: integer 
	Parameter RESET_VALUE bound to: 0 - type: integer 
INFO: [Synth 8-6155] done synthesizing module 'xpm_counter_updn__parameterized0' (23#1) [E:/1.tools/Xilinx/Vivado/2020.2/data/ip/xpm/xpm_fifo/hdl/xpm_fifo.sv:1854]
INFO: [Synth 8-6157] synthesizing module 'xpm_counter_updn__parameterized1' [E:/1.tools/Xilinx/Vivado/2020.2/data/ip/xpm/xpm_fifo/hdl/xpm_fifo.sv:1854]
	Parameter COUNTER_WIDTH bound to: 6 - type: integer 
	Parameter RESET_VALUE bound to: 1 - type: integer 
INFO: [Synth 8-6155] done synthesizing module 'xpm_counter_updn__parameterized1' (23#1) [E:/1.tools/Xilinx/Vivado/2020.2/data/ip/xpm/xpm_fifo/hdl/xpm_fifo.sv:1854]
INFO: [Synth 8-6157] synthesizing module 'xpm_counter_updn__parameterized2' [E:/1.tools/Xilinx/Vivado/2020.2/data/ip/xpm/xpm_fifo/hdl/xpm_fifo.sv:1854]
	Parameter COUNTER_WIDTH bound to: 6 - type: integer 
	Parameter RESET_VALUE bound to: 2 - type: integer 
INFO: [Synth 8-6155] done synthesizing module 'xpm_counter_updn__parameterized2' (23#1) [E:/1.tools/Xilinx/Vivado/2020.2/data/ip/xpm/xpm_fifo/hdl/xpm_fifo.sv:1854]
INFO: [Synth 8-6155] done synthesizing module 'xpm_fifo_base' (24#1) [E:/1.tools/Xilinx/Vivado/2020.2/data/ip/xpm/xpm_fifo/hdl/xpm_fifo.sv:56]
INFO: [Synth 8-6155] done synthesizing module 'xpm_fifo_async' (25#1) [E:/1.tools/Xilinx/Vivado/2020.2/data/ip/xpm/xpm_fifo/hdl/xpm_fifo.sv:2142]
INFO: [Synth 8-6155] done synthesizing module 'adc_data_sync' (26#1) [E:/AE_project/FPGA/AE_project/AE_project.srcs/sources_1/new/ae_data_process/adc_data_sync.v:8]
INFO: [Synth 8-6155] done synthesizing module 'adc_data_preprocess' (27#1) [E:/AE_project/FPGA/AE_project/AE_project.srcs/sources_1/new/ae_data_process/adc_data_preprocess.v:29]
INFO: [Synth 8-6157] synthesizing module 'sensor' [E:/AE_project/FPGA/AE_project/AE_project.srcs/sources_1/new/sensor.v:20]
	Parameter CLK_FREQ_HZ bound to: 200000000 - type: integer 
	Parameter I2C_FREQ_HZ bound to: 100000 - type: integer 
	Parameter LSM6_SA0_HIGH bound to: 1'b0 
INFO: [Synth 8-6157] synthesizing module 'ds18b20_driver' [E:/AE_project/FPGA/AE_project/AE_project.srcs/sources_1/new/ds18b20_driver.v:9]
	Parameter CLK_FREQ_HZ bound to: 200000000 - type: integer 
	Parameter MS_DIV bound to: 200000 - type: integer 
	Parameter S_PWRUP bound to: 4'b0000 
	Parameter S_RST1 bound to: 4'b0001 
	Parameter S_SKIP1 bound to: 4'b0010 
	Parameter S_CONV bound to: 4'b0011 
	Parameter S_WAIT bound to: 4'b0100 
	Parameter S_RST2 bound to: 4'b0101 
	Parameter S_SKIP2 bound to: 4'b0110 
	Parameter S_RDCMD bound to: 4'b0111 
	Parameter S_RDL bound to: 4'b1000 
	Parameter S_RDM bound to: 4'b1001 
	Parameter S_PARSE bound to: 4'b1010 
INFO: [Synth 8-6157] synthesizing module 'onewire_byte_ctrl' [E:/AE_project/FPGA/AE_project/AE_project.srcs/sources_1/new/onewire_byte_ctrl.v:14]
	Parameter CLK_FREQ_HZ bound to: 200000000 - type: integer 
	Parameter US_DIV bound to: 200 - type: integer 
	Parameter S_IDLE bound to: 4'b0000 
	Parameter S_RST_LOW bound to: 4'b0001 
	Parameter S_RST_REL bound to: 4'b0010 
	Parameter S_RST_WAIT bound to: 4'b0011 
	Parameter S_WR_LOW bound to: 4'b0100 
	Parameter S_WR_SLOT bound to: 4'b0101 
	Parameter S_RD_LOW bound to: 4'b0110 
	Parameter S_RD_SAMPLE bound to: 4'b0111 
	Parameter S_RD_SLOT bound to: 4'b1000 
INFO: [Synth 8-6155] done synthesizing module 'onewire_byte_ctrl' (28#1) [E:/AE_project/FPGA/AE_project/AE_project.srcs/sources_1/new/onewire_byte_ctrl.v:14]
INFO: [Synth 8-6155] done synthesizing module 'ds18b20_driver' (29#1) [E:/AE_project/FPGA/AE_project/AE_project.srcs/sources_1/new/ds18b20_driver.v:9]
INFO: [Synth 8-6157] synthesizing module 'aht20_driver' [E:/AE_project/FPGA/AE_project/AE_project.srcs/sources_1/new/aht20_driver.v:19]
	Parameter CLK_FREQ_HZ bound to: 200000000 - type: integer 
	Parameter I2C_FREQ_HZ bound to: 100000 - type: integer 
	Parameter DEV_W bound to: 8'b01110000 
	Parameter DEV_R bound to: 8'b01110001 
	Parameter MS_DIV bound to: 200000 - type: integer 
	Parameter S_PWRUP bound to: 6'b000000 
	Parameter S_I_START bound to: 6'b000001 
	Parameter S_I_ADDR bound to: 6'b000010 
	Parameter S_I_CMD bound to: 6'b000011 
	Parameter S_I_D1 bound to: 6'b000100 
	Parameter S_I_D2 bound to: 6'b000101 
	Parameter S_I_STOP bound to: 6'b000110 
	Parameter S_I_WAIT bound to: 6'b000111 
	Parameter S_M_START bound to: 6'b001000 
	Parameter S_M_ADDR bound to: 6'b001001 
	Parameter S_M_CMD bound to: 6'b001010 
	Parameter S_M_D1 bound to: 6'b001011 
	Parameter S_M_D2 bound to: 6'b001100 
	Parameter S_M_STOP bound to: 6'b001101 
	Parameter S_M_WAIT bound to: 6'b001110 
	Parameter S_R_START bound to: 6'b001111 
	Parameter S_R_ADDR bound to: 6'b010000 
	Parameter S_R_B0 bound to: 6'b010001 
	Parameter S_R_B1 bound to: 6'b010010 
	Parameter S_R_B2 bound to: 6'b010011 
	Parameter S_R_B3 bound to: 6'b010100 
	Parameter S_R_B4 bound to: 6'b010101 
	Parameter S_R_B5 bound to: 6'b010110 
	Parameter S_R_B6 bound to: 6'b010111 
	Parameter S_R_STOP bound to: 6'b011000 
	Parameter S_PARSE bound to: 6'b011001 
INFO: [Synth 8-6157] synthesizing module 'i2c_byte_ctrl' [E:/AE_project/FPGA/AE_project/AE_project.srcs/sources_1/new/i2c_byte_ctrl.v:22]
	Parameter CLK_FREQ_HZ bound to: 200000000 - type: integer 
	Parameter I2C_FREQ_HZ bound to: 100000 - type: integer 
	Parameter HALF_DIV bound to: 1000 - type: integer 
	Parameter S_IDLE bound to: 4'b0000 
	Parameter S_START_0 bound to: 4'b0001 
	Parameter S_START_1 bound to: 4'b0010 
	Parameter S_STOP_0 bound to: 4'b0011 
	Parameter S_STOP_1 bound to: 4'b0100 
	Parameter S_WR_BIT_0 bound to: 4'b0101 
	Parameter S_WR_BIT_1 bound to: 4'b0110 
	Parameter S_WR_ACK_0 bound to: 4'b0111 
	Parameter S_WR_ACK_1 bound to: 4'b1000 
	Parameter S_RD_BIT_0 bound to: 4'b1001 
	Parameter S_RD_BIT_1 bound to: 4'b1010 
	Parameter S_RD_ACK_0 bound to: 4'b1011 
	Parameter S_RD_ACK_1 bound to: 4'b1100 
INFO: [Synth 8-226] default block is never used [E:/AE_project/FPGA/AE_project/AE_project.srcs/sources_1/new/i2c_byte_ctrl.v:88]
INFO: [Synth 8-6155] done synthesizing module 'i2c_byte_ctrl' (30#1) [E:/AE_project/FPGA/AE_project/AE_project.srcs/sources_1/new/i2c_byte_ctrl.v:22]
INFO: [Synth 8-6155] done synthesizing module 'aht20_driver' (31#1) [E:/AE_project/FPGA/AE_project/AE_project.srcs/sources_1/new/aht20_driver.v:19]
INFO: [Synth 8-6157] synthesizing module 'lsm6ds3tr_driver' [E:/AE_project/FPGA/AE_project/AE_project.srcs/sources_1/new/lsm6ds3tr_driver.v:21]
	Parameter CLK_FREQ_HZ bound to: 200000000 - type: integer 
	Parameter I2C_FREQ_HZ bound to: 100000 - type: integer 
	Parameter SA0_HIGH bound to: 0 - type: integer 
	Parameter DEV_W bound to: 8'b11010100 
	Parameter DEV_R bound to: 8'b11010101 
	Parameter MS_DIV bound to: 200000 - type: integer 
	Parameter REG_CTRL2_G bound to: 8'b00010001 
	Parameter REG_CTRL3_C bound to: 8'b00010010 
	Parameter REG_OUTX_L_G bound to: 8'b00100010 
	Parameter S_PWRUP bound to: 6'b000000 
	Parameter S_CFG1_ST bound to: 6'b000001 
	Parameter S_CFG1_AW bound to: 6'b000010 
	Parameter S_CFG1_RG bound to: 6'b000011 
	Parameter S_CFG1_DT bound to: 6'b000100 
	Parameter S_CFG1_SP bound to: 6'b000101 
	Parameter S_CFG2_ST bound to: 6'b000110 
	Parameter S_CFG2_AW bound to: 6'b000111 
	Parameter S_CFG2_RG bound to: 6'b001000 
	Parameter S_CFG2_DT bound to: 6'b001001 
	Parameter S_CFG2_SP bound to: 6'b001010 
	Parameter S_WAIT bound to: 6'b001011 
	Parameter S_RD_ST1 bound to: 6'b001100 
	Parameter S_RD_AW bound to: 6'b001101 
	Parameter S_RD_RG bound to: 6'b001110 
	Parameter S_RD_ST2 bound to: 6'b001111 
	Parameter S_RD_AR bound to: 6'b010000 
	Parameter S_RD_B0 bound to: 6'b010001 
	Parameter S_RD_B1 bound to: 6'b010010 
	Parameter S_RD_B2 bound to: 6'b010011 
	Parameter S_RD_B3 bound to: 6'b010100 
	Parameter S_RD_B4 bound to: 6'b010101 
	Parameter S_RD_B5 bound to: 6'b010110 
	Parameter S_RD_SP bound to: 6'b010111 
	Parameter S_PARSE bound to: 6'b011000 
INFO: [Synth 8-6155] done synthesizing module 'lsm6ds3tr_driver' (32#1) [E:/AE_project/FPGA/AE_project/AE_project.srcs/sources_1/new/lsm6ds3tr_driver.v:21]
INFO: [Synth 8-6155] done synthesizing module 'sensor' (33#1) [E:/AE_project/FPGA/AE_project/AE_project.srcs/sources_1/new/sensor.v:20]
INFO: [Synth 8-6157] synthesizing module 'system_clk_module' [E:/AE_project/FPGA/AE_project/.Xil/Vivado-575332-Adam/realtime/system_clk_module_stub.v:5]
INFO: [Synth 8-6155] done synthesizing module 'system_clk_module' (34#1) [E:/AE_project/FPGA/AE_project/.Xil/Vivado-575332-Adam/realtime/system_clk_module_stub.v:5]
ERROR: [Synth 8-344] instance 'system_clk_module_inst' has duplicate port connection for port 'clk_125M' [E:/AE_project/FPGA/AE_project/AE_project.srcs/sources_1/new/top.v:162]
ERROR: [Synth 8-448] named port connection 'ddr_sys_clk' does not exist for instance 'system_clk_module_inst' of module 'system_clk_module' [E:/AE_project/FPGA/AE_project/AE_project.srcs/sources_1/new/top.v:163]
INFO: [Synth 8-6157] synthesizing module 'eth_reset' [E:/AE_project/FPGA/AE_project/AE_project.srcs/sources_1/new/eth/eth_reset.v:22]
ERROR: [Synth 8-6156] failed synthesizing module 'eth_reset' [E:/AE_project/FPGA/AE_project/AE_project.srcs/sources_1/new/eth/eth_reset.v:22]
ERROR: [Synth 8-6156] failed synthesizing module 'top' [E:/AE_project/FPGA/AE_project/AE_project.srcs/sources_1/new/top.v:22]
---------------------------------------------------------------------------------
Finished RTL Elaboration : Time (s): cpu = 00:00:09 ; elapsed = 00:00:13 . Memory (MB): peak = 1318.391 ; gain = 210.855
---------------------------------------------------------------------------------
RTL Elaboration failed
95 Infos, 3 Warnings, 0 Critical Warnings and 5 Errors encountered.
synth_design failed
ERROR: [Vivado_Tcl 4-5] Elaboration failed - please see the console for details
INFO: [Common 17-206] Exiting Vivado at Wed May 13 20:17:07 2026...
